Archive member included to satisfy reference by file (symbol)

C:/ST/STM32CubeIDE_1.16.0/STM32CubeIDE/plugins/com.st.stm32cube.ide.mcu.externaltools.gnu-tools-for-stm32.12.3.rel1.win32_1.0.200.202406191623/tools/bin/../lib/gcc/arm-none-eabi/12.3.1/../../../../arm-none-eabi/lib/thumb/v7e-m+fp/hard\libc_nano.a(libc_a-atoi.o)
                              ./Core/Src/main.o (atoi)
C:/ST/STM32CubeIDE_1.16.0/STM32CubeIDE/plugins/com.st.stm32cube.ide.mcu.externaltools.gnu-tools-for-stm32.12.3.rel1.win32_1.0.200.202406191623/tools/bin/../lib/gcc/arm-none-eabi/12.3.1/../../../../arm-none-eabi/lib/thumb/v7e-m+fp/hard\libc_nano.a(libc_a-exit.o)
                              C:/ST/STM32CubeIDE_1.16.0/STM32CubeIDE/plugins/com.st.stm32cube.ide.mcu.externaltools.gnu-tools-for-stm32.12.3.rel1.win32_1.0.200.202406191623/tools/bin/../lib/gcc/arm-none-eabi/12.3.1/../../../../arm-none-eabi/lib/thumb/v7e-m+fp/hard/crt0.o (exit)
C:/ST/STM32CubeIDE_1.16.0/STM32CubeIDE/plugins/com.st.stm32cube.ide.mcu.externaltools.gnu-tools-for-stm32.12.3.rel1.win32_1.0.200.202406191623/tools/bin/../lib/gcc/arm-none-eabi/12.3.1/../../../../arm-none-eabi/lib/thumb/v7e-m+fp/hard\libc_nano.a(libc_a-strtol.o)
                              C:/ST/STM32CubeIDE_1.16.0/STM32CubeIDE/plugins/com.st.stm32cube.ide.mcu.externaltools.gnu-tools-for-stm32.12.3.rel1.win32_1.0.200.202406191623/tools/bin/../lib/gcc/arm-none-eabi/12.3.1/../../../../arm-none-eabi/lib/thumb/v7e-m+fp/hard\libc_nano.a(libc_a-atoi.o) (_strtol_r)
C:/ST/STM32CubeIDE_1.16.0/STM32CubeIDE/plugins/com.st.stm32cube.ide.mcu.externaltools.gnu-tools-for-stm32.12.3.rel1.win32_1.0.200.202406191623/tools/bin/../lib/gcc/arm-none-eabi/12.3.1/../../../../arm-none-eabi/lib/thumb/v7e-m+fp/hard\libc_nano.a(libc_a-ctype_.o)
                              C:/ST/STM32CubeIDE_1.16.0/STM32CubeIDE/plugins/com.st.stm32cube.ide.mcu.externaltools.gnu-tools-for-stm32.12.3.rel1.win32_1.0.200.202406191623/tools/bin/../lib/gcc/arm-none-eabi/12.3.1/../../../../arm-none-eabi/lib/thumb/v7e-m+fp/hard\libc_nano.a(libc_a-strtol.o) (_ctype_)
C:/ST/STM32CubeIDE_1.16.0/STM32CubeIDE/plugins/com.st.stm32cube.ide.mcu.externaltools.gnu-tools-for-stm32.12.3.rel1.win32_1.0.200.202406191623/tools/bin/../lib/gcc/arm-none-eabi/12.3.1/../../../../arm-none-eabi/lib/thumb/v7e-m+fp/hard\libc_nano.a(libc_a-findfp.o)
                              C:/ST/STM32CubeIDE_1.16.0/STM32CubeIDE/plugins/com.st.stm32cube.ide.mcu.externaltools.gnu-tools-for-stm32.12.3.rel1.win32_1.0.200.202406191623/tools/bin/../lib/gcc/arm-none-eabi/12.3.1/../../../../arm-none-eabi/lib/thumb/v7e-m+fp/hard\libc_nano.a(libc_a-exit.o) (__stdio_exit_handler)
C:/ST/STM32CubeIDE_1.16.0/STM32CubeIDE/plugins/com.st.stm32cube.ide.mcu.externaltools.gnu-tools-for-stm32.12.3.rel1.win32_1.0.200.202406191623/tools/bin/../lib/gcc/arm-none-eabi/12.3.1/../../../../arm-none-eabi/lib/thumb/v7e-m+fp/hard\libc_nano.a(libc_a-fwalk.o)
                              C:/ST/STM32CubeIDE_1.16.0/STM32CubeIDE/plugins/com.st.stm32cube.ide.mcu.externaltools.gnu-tools-for-stm32.12.3.rel1.win32_1.0.200.202406191623/tools/bin/../lib/gcc/arm-none-eabi/12.3.1/../../../../arm-none-eabi/lib/thumb/v7e-m+fp/hard\libc_nano.a(libc_a-findfp.o) (_fwalk_sglue)
C:/ST/STM32CubeIDE_1.16.0/STM32CubeIDE/plugins/com.st.stm32cube.ide.mcu.externaltools.gnu-tools-for-stm32.12.3.rel1.win32_1.0.200.202406191623/tools/bin/../lib/gcc/arm-none-eabi/12.3.1/../../../../arm-none-eabi/lib/thumb/v7e-m+fp/hard\libc_nano.a(libc_a-sprintf.o)
                              ./Core/Src/main.o (sprintf)
C:/ST/STM32CubeIDE_1.16.0/STM32CubeIDE/plugins/com.st.stm32cube.ide.mcu.externaltools.gnu-tools-for-stm32.12.3.rel1.win32_1.0.200.202406191623/tools/bin/../lib/gcc/arm-none-eabi/12.3.1/../../../../arm-none-eabi/lib/thumb/v7e-m+fp/hard\libc_nano.a(libc_a-stdio.o)
                              C:/ST/STM32CubeIDE_1.16.0/STM32CubeIDE/plugins/com.st.stm32cube.ide.mcu.externaltools.gnu-tools-for-stm32.12.3.rel1.win32_1.0.200.202406191623/tools/bin/../lib/gcc/arm-none-eabi/12.3.1/../../../../arm-none-eabi/lib/thumb/v7e-m+fp/hard\libc_nano.a(libc_a-findfp.o) (__sread)
C:/ST/STM32CubeIDE_1.16.0/STM32CubeIDE/plugins/com.st.stm32cube.ide.mcu.externaltools.gnu-tools-for-stm32.12.3.rel1.win32_1.0.200.202406191623/tools/bin/../lib/gcc/arm-none-eabi/12.3.1/../../../../arm-none-eabi/lib/thumb/v7e-m+fp/hard\libc_nano.a(libc_a-memset.o)
                              C:/ST/STM32CubeIDE_1.16.0/STM32CubeIDE/plugins/com.st.stm32cube.ide.mcu.externaltools.gnu-tools-for-stm32.12.3.rel1.win32_1.0.200.202406191623/tools/bin/../lib/gcc/arm-none-eabi/12.3.1/../../../../arm-none-eabi/lib/thumb/v7e-m+fp/hard/crt0.o (memset)
C:/ST/STM32CubeIDE_1.16.0/STM32CubeIDE/plugins/com.st.stm32cube.ide.mcu.externaltools.gnu-tools-for-stm32.12.3.rel1.win32_1.0.200.202406191623/tools/bin/../lib/gcc/arm-none-eabi/12.3.1/../../../../arm-none-eabi/lib/thumb/v7e-m+fp/hard\libc_nano.a(libc_a-closer.o)
[...]
Memory Configuration

Name             Origin             Length             Attributes
CCMRAM           0x10000000         0x00010000         xrw
RAM              0x20000000         0x00020000         xrw
FLASH            0x08000000         0x00100000         xr
*default*        0x00000000         0xffffffff

Linker script and memory map

LOAD C:/ST/STM32CubeIDE_1.16.0/STM32CubeIDE/plugins/com.st.stm32cube.ide.mcu.externaltools.gnu-tools-for-stm32.12.3.rel1.win32_1.0.200.202406191623/tools/bin/../lib/gcc/arm-none-eabi/12.3.1/thumb/v7e-m+fp/hard/crti.o
LOAD C:/ST/STM32CubeIDE_1.16.0/STM32CubeIDE/plugins/com.st.stm32cube.ide.mcu.externaltools.gnu-tools-for-stm32.12.3.rel1.win32_1.0.200.202406191623/tools/bin/../lib/gcc/arm-none-eabi/12.3.1/thumb/v7e-m+fp/hard/crtbegin.o
LOAD C:/ST/STM32CubeIDE_1.16.0/STM32CubeIDE/plugins/com.st.stm32cube.ide.mcu.externaltools.gnu-tools-for-stm32.12.3.rel1.win32_1.0.200.202406191623/tools/bin/../lib/gcc/arm-none-eabi/12.3.1/../../../../arm-none-eabi/lib/thumb/v7e-m+fp/hard/crt0.o
LOAD ./Core/Src/EEPROM.o
LOAD ./Core/Src/main.o
LOAD ./Core/Src/modbusSlave.o
LOAD ./Core/Src/modbus_crc.o
LOAD ./Core/Src/modbusmaster.o
LOAD ./Core/Src/stm32f4xx_hal_msp.o
LOAD ./Core/Src/stm32f4xx_it.o
LOAD ./Core/Src/syscalls.o
LOAD ./Core/Src/sysmem.o
LOAD ./Core/Src/system_stm32f4xx.o
LOAD ./Core/Startup/startup_stm32f407vgtx.o
LOAD ./Drivers/STM32F4xx_HAL_Driver/Src/stm32f4xx_hal.o
LOAD ./Drivers/STM32F4xx_HAL_Driver/Src/stm32f4xx_hal_adc.o
LOAD ./Drivers/STM32F4xx_HAL_Driver/Src/stm32f4xx_hal_adc_ex.o
LOAD ./Drivers/STM32F4xx_HAL_Driver/Src/stm32f4xx_hal_cortex.o
LOAD ./Drivers/STM32F4xx_HAL_Driver/Src/stm32f4xx_hal_dma.o
LOAD ./Drivers/STM32F4xx_HAL_Driver/Src/stm32f4xx_hal_dma_ex.o
LOAD ./Drivers/STM32F4xx_HAL_Driver/Src/stm32f4xx_hal_exti.o
LOAD ./Drivers/STM32F4xx_HAL_Driver/Src/stm32f4xx_hal_flash.o
LOAD ./Drivers/STM32F4xx_HAL_Driver/Src/stm32f4xx_hal_flash_ex.o
LOAD ./Drivers/STM32F4xx_HAL_Driver/Src/stm32f4xx_hal_flash_ramfunc.o
LOAD ./Drivers/STM32F4xx_HAL_Driver/Src/stm32f4xx_hal_gpio.o
LOAD ./Drivers/STM32F4xx_HAL_Driver/Src/stm32f4xx_hal_i2c.o
LOAD ./Drivers/STM32F4xx_HAL_Driver/Src/stm32f4xx_hal_i2c_ex.o
LOAD ./Drivers/STM32F4xx_HAL_Driver/Src/stm32f4xx_hal_pwr.o
LOAD ./Drivers/STM32F4xx_HAL_Driver/Src/stm32f4xx_hal_pwr_ex.o
LOAD ./Drivers/STM32F4xx_HAL_Driver/Src/stm32f4xx_hal_rcc.o
LOAD ./Drivers/STM32F4xx_HAL_Driver/Src/stm32f4xx_hal_rcc_ex.o
LOAD ./Drivers/STM32F4xx_HAL_Driver/Src/stm32f4xx_hal_tim.o
LOAD ./Drivers/STM32F4xx_HAL_Driver/Src/stm32f4xx_hal_tim_ex.o
LOAD ./Drivers/STM32F4xx_HAL_Driver/Src/stm32f4xx_hal_uart.o
LOAD ./Drivers/STM32F4xx_HAL_Driver/Src/stm32f4xx_ll_adc.o
START GROUP
LOAD C:/ST/STM32CubeIDE_1.16.0/STM32CubeIDE/plugins/com.st.stm32cube.ide.mcu.externaltools.gnu-tools-for-stm32.12.3.rel1.win32_1.0.200.202406191623/tools/bin/../lib/gcc/arm-none-eabi/12.3.1/../../../../arm-none-eabi/lib/thumb/v7e-m+fp/hard\libc_nano.a
LOAD C:/ST/STM32CubeIDE_1.16.0/STM32CubeIDE/plugins/com.st.stm32cube.ide.mcu.externaltools.gnu-tools-for-stm32.12.3.rel1.win32_1.0.200.202406191623/tools/bin/../lib/gcc/arm-none-eabi/12.3.1/../../../../arm-none-eabi/lib/thumb/v7e-m+fp/hard\libm.a
END GROUP
START GROUP
LOAD C:/ST/STM32CubeIDE_1.16.0/STM32CubeIDE/plugins/com.st.stm32cube.ide.mcu.externaltools.gnu-tools-for-stm32.12.3.rel1.win32_1.0.200.202406191623/tools/bin/../lib/gcc/arm-none-eabi/12.3.1/thumb/v7e-m+fp/hard\libgcc.a
LOAD C:/ST/STM32CubeIDE_1.16.0/STM32CubeIDE/plugins/com.st.stm32cube.ide.mcu.externaltools.gnu-tools-for-stm32.12.3.rel1.win32_1.0.200.202406191623/tools/bin/../lib/gcc/arm-none-eabi/12.3.1/../../../../arm-none-eabi/lib/thumb/v7e-m+fp/hard\libc_nano.a
END GROUP
START GROUP
LOAD C:/ST/STM32CubeIDE_1.16.0/STM32CubeIDE/plugins/com.st.stm32cube.ide.mcu.externaltools.gnu-tools-for-stm32.12.3.rel1.win32_1.0.200.202406191623/tools/bin/../lib/gcc/arm-none-eabi/12.3.1/thumb/v7e-m+fp/hard\libgcc.a
LOAD C:/ST/STM32CubeIDE_1.16.0/STM32CubeIDE/plugins/com.st.stm32cube.ide.mcu.externaltools.gnu-tools-for-stm32.12.3.rel1.win32_1.0.200.202406191623/tools/bin/../lib/gcc/arm-none-eabi/12.3.1/../../../../arm-none-eabi/lib/thumb/v7e-m+fp/hard\libc_nano.a
LOAD C:/ST/STM32CubeIDE_1.16.0/STM32CubeIDE/plugins/com.st.stm32cube.ide.mcu.externaltools.gnu-tools-for-stm32.12.3.rel1.win32_1.0.200.202406191623/tools/bin/../lib/gcc/arm-none-eabi/12.3.1/../../../../arm-none-eabi/lib/thumb/v7e-m+fp/hard\libnosys.a
END GROUP
START GROUP
LOAD C:/ST/STM32CubeIDE_1.16.0/STM32CubeIDE/plugins/com.st.stm32cube.ide.mcu.externaltools.gnu-tools-for-stm32.12.3.rel1.win32_1.0.200.202406191623/tools/bin/../lib/gcc/arm-none-eabi/12.3.1/thumb/v7e-m+fp/hard\libgcc.a
LOAD C:/ST/STM32CubeIDE_1.16.0/STM32CubeIDE/plugins/com.st.stm32cube.ide.mcu.externaltools.gnu-tools-for-stm32.12.3.rel1.win32_1.0.200.202406191623/tools/bin/../lib/gcc/arm-none-eabi/12.3.1/../../../../arm-none-eabi/lib/thumb/v7e-m+fp/hard\libc_nano.a
LOAD C:/ST/STM32CubeIDE_1.16.0/STM32CubeIDE/plugins/com.st.stm32cube.ide.mcu.externaltools.gnu-tools-for-stm32.12.3.rel1.win32_1.0.200.202406191623/tools/bin/../lib/gcc/arm-none-eabi/12.3.1/../../../../arm-none-eabi/lib/thumb/v7e-m+fp/hard\libnosys.a
END GROUP
LOAD C:/ST/STM32CubeIDE_1.16.0/STM32CubeIDE/plugins/com.st.stm32cube.ide.mcu.externaltools.gnu-tools-for-stm32.12.3.rel1.win32_1.0.200.202406191623/tools/bin/../lib/gcc/arm-none-eabi/12.3.1/thumb/v7e-m+fp/hard/crtend.o
LOAD C:/ST/STM32CubeIDE_1.16.0/STM32CubeIDE/plugins/com.st.stm32cube.ide.mcu.externaltools.gnu-tools-for-stm32.12.3.rel1.win32_1.0.200.202406191623/tools/bin/../lib/gcc/arm-none-eabi/12.3.1/thumb/v7e-m+fp/hard/crtn.o
                0x20020000                        _estack = (ORIGIN (RAM) + LENGTH (RAM))
                0x00000200                        _Min_Heap_Size = 0x200
                0x00000400                        _Min_Stack_Size = 0x400

.isr_vector     0x08000000      0x188
                0x08000000                        . = ALIGN (0x4)
 *(.isr_vector)
 .isr_vector    0x08000000      0x188 ./Core/Startup/startup_stm32f407vgtx.o
                0x08000000                g_pfnVectors
                0x08000188                        . = ALIGN (0x4)

.text           0x08000190     0x7768
                0x08000190                        . = ALIGN (0x4)
 *(.text)
 .text          0x08000190       0x40 C:/ST/STM32CubeIDE_1.16.0/STM32CubeIDE/plugins/com.st.stm32cube.ide.mcu.externaltools.gnu-tools-for-stm32.12.3.rel1.win32_1.0.200.202406191623/tools/bin/../lib/gcc/arm-none-eabi/12.3.1/thumb/v7e-m+fp/hard/crtbegin.o
 .text          0x080001d0       0x10 C:/ST/STM32CubeIDE_1.16.0/STM32CubeIDE/plugins/com.st.stm32cube.ide.mcu.externaltools.gnu-tools-for-stm32.12.3.rel1.win32_1.0.200.202406191623/tools/bin/../lib/gcc/arm-none-eabi/12.3.1/../../../../arm-none-eabi/lib/thumb/v7e-m+fp/hard\libc_nano.a(libc_a-strlen.o)
                0x080001d0                strlen
 .text          0x080001e0       0xa0 C:/ST/STM32CubeIDE_1.16.0/STM32CubeIDE/plugins/com.st.stm32cube.ide.mcu.externaltools.gnu-tools-for-stm32.12.3.rel1.win32_1.0.200.202406191623/tools/bin/../lib/gcc/arm-none-eabi/12.3.1/../../../../arm-none-eabi/lib/thumb/v7e-m+fp/hard\libc_nano.a(libc_a-memchr.o)
                0x080001e0                memchr
 .text          0x08000280       0x30 C:/ST/STM32CubeIDE_1.16.0/STM32CubeIDE/plugins/com.st.stm32cube.ide.mcu.externaltools.gnu-tools-for-stm32.12.3.rel1.win32_1.0.200.202406191623/tools/bin/../lib/gcc/arm-none-eabi/12.3.1/thumb/v7e-m+fp/hard\libgcc.a(_aeabi_uldivmod.o)
                0x08000280                __aeabi_uldivmod
 .text          0x080002b0      0x2bc C:/ST/STM32CubeIDE_1.16.0/STM32CubeIDE/plugins/com.st.stm32cube.ide.mcu.externaltools.gnu-tools-for-stm32.12.3.rel1.win32_1.0.200.202406191623/tools/bin/../lib/gcc/arm-none-eabi/12.3.1/thumb/v7e-m+fp/hard\libgcc.a(_udivmoddi4.o)
                0x080002b0                __udivmoddi4
 .text          0x0800056c        0x4 C:/ST/STM32CubeIDE_1.16.0/STM32CubeIDE/plugins/com.st.stm32cube.ide.mcu.externaltools.gnu-tools-for-stm32.12.3.rel1.win32_1.0.200.202406191623/tools/bin/../lib/gcc/arm-none-eabi/12.3.1/thumb/v7e-m+fp/hard\libgcc.a(_dvmd_tls.o)
                0x0800056c                __aeabi_idiv0
                0x0800056c                __aeabi_ldiv0
 *(.text*)
 .text.bytestowrite
                0x08000570       0x32 ./Core/Src/EEPROM.o
                0x08000570                bytestowrite
 *fill*         0x080005a2        0x2 
 .text.EEPROM_Write
                0x080005a4       0xcc ./Core/Src/EEPROM.o
                0x080005a4                EEPROM_Write
 .text.EEPROM_Write_UART_Params
                0x08000670       0x40 ./Core/Src/EEPROM.o
                0x08000670                EEPROM_Write_UART_Params
 .text.HAL_UARTEx_RxEventCallback
                0x080006b0       0xb8 ./Core/Src/main.o
                0x080006b0                HAL_UARTEx_RxEventCallback
 .text.HAL_TIM_PeriodElapsedCallback
                0x08000768      0x218 ./Core/Src/main.o
                0x08000768                HAL_TIM_PeriodElapsedCallback
 .text.main     0x08000980       0x94 ./Core/Src/main.o
                0x08000980                main
 .text.ShowMenu
                0x08000a14       0x34 ./Core/Src/main.o
                0x08000a14                ShowMenu
 .text.ProcessOption
                0x08000a48      0x4b8 ./Core/Src/main.o
                0x08000a48                ProcessOption
 .text.ConfigureUART2
                0x08000f00       0x74 ./Core/Src/main.o
                0x08000f00                ConfigureUART2
 .text.ModbusMenuInteraction
                0x08000f74      0x2d8 ./Core/Src/main.o
                0x08000f74                ModbusMenuInteraction
 .text.SystemClock_Config
                0x0800124c       0xd4 ./Core/Src/main.o
                0x0800124c                SystemClock_Config
 .text.MX_ADC1_Init
                0x08001320       0xc0 ./Core/Src/main.o
 .text.MX_I2C1_Init
                0x080013e0       0x5c ./Core/Src/main.o
 .text.MX_TIM2_Init
                0x0800143c       0xb0 ./Core/Src/main.o
 .text.MX_TIM3_Init
                0x080014ec       0xb4 ./Core/Src/main.o
 .text.MX_TIM6_Init
                0x080015a0       0x6c ./Core/Src/main.o
 .text.MX_USART2_UART_Init
                0x0800160c       0x54 ./Core/Src/main.o
 .text.MX_USART3_UART_Init
                0x08001660       0x54 ./Core/Src/main.o
 .text.MX_GPIO_Init
                0x080016b4       0xd4 ./Core/Src/main.o
 .text.Error_Handler
                0x08001788        0xc ./Core/Src/main.o
                0x08001788                Error_Handler
 .text.Read_ADC_Channel
                0x08001794       0x5c ./Core/Src/modbusSlave.o
                0x08001794                Read_ADC_Channel
 .text.Update_Input_Registers
                0x080017f0       0x4c ./Core/Src/modbusSlave.o
                0x080017f0                Update_Input_Registers
 .text.sendData
                0x0800183c       0x58 ./Core/Src/modbusSlave.o
                0x0800183c                sendData
 .text.modbusException
                0x08001894       0x40 ./Core/Src/modbusSlave.o
                0x08001894                modbusException
 .text.readHoldingRegs
                0x080018d4       0xe4 ./Core/Src/modbusSlave.o
                0x080018d4                readHoldingRegs
 .text.readInputRegs
                0x080019b8       0xe4 ./Core/Src/modbusSlave.o
                0x080019b8                readInputRegs
 .text.readCoils
                0x08001a9c      0x15c ./Core/Src/modbusSlave.o
                0x08001a9c                readCoils
 .text.readInputs
                0x08001bf8      0x15c ./Core/Src/modbusSlave.o
                0x08001bf8                readInputs
 .text.writeHoldingRegs
                0x08001d54       0xf4 ./Core/Src/modbusSlave.o
                0x08001d54                writeHoldingRegs
 .text.writeSingleReg
                0x08001e48       0x94 ./Core/Src/modbusSlave.o
                0x08001e48                writeSingleReg
 .text.writeSingleCoil
                0x08001edc       0xf4 ./Core/Src/modbusSlave.o
                0x08001edc                writeSingleCoil
 .text.writeMultiCoils
                0x08001fd0      0x16c ./Core/Src/modbusSlave.o
                0x08001fd0                writeMultiCoils
 .text.crc16    0x0800213c       0x6c ./Core/Src/modbus_crc.o
                0x0800213c                crc16
 .text.readHoldingRegisters_M
                0x080021a8       0x84 ./Core/Src/modbusmaster.o
                0x080021a8                readHoldingRegisters_M
 .text.readInputRegisters_M
                0x0800222c       0x84 ./Core/Src/modbusmaster.o
                0x0800222c                readInputRegisters_M
 .text.writeSingleRegister_M
                0x080022b0       0x84 ./Core/Src/modbusmaster.o
                0x080022b0                writeSingleRegister_M
 .text.writeSingleCoil_M
                0x08002334       0x88 ./Core/Src/modbusmaster.o
                0x08002334                writeSingleCoil_M
 .text.HAL_MspInit
                0x080023bc       0x50 ./Core/Src/stm32f4xx_hal_msp.o
                0x080023bc                HAL_MspInit
 .text.HAL_ADC_MspInit
                0x0800240c       0x88 ./Core/Src/stm32f4xx_hal_msp.o
                0x0800240c                HAL_ADC_MspInit
 .text.HAL_I2C_MspInit
                0x08002494       0x90 ./Core/Src/stm32f4xx_hal_msp.o
                0x08002494                HAL_I2C_MspInit
 .text.HAL_TIM_PWM_MspInit
                0x08002524       0x6c ./Core/Src/stm32f4xx_hal_msp.o
                0x08002524                HAL_TIM_PWM_MspInit
 .text.HAL_TIM_Base_MspInit
                0x08002590       0x50 ./Core/Src/stm32f4xx_hal_msp.o
                0x08002590                HAL_TIM_Base_MspInit
 .text.HAL_TIM_MspPostInit
                0x080025e0       0xbc ./Core/Src/stm32f4xx_hal_msp.o
                0x080025e0                HAL_TIM_MspPostInit
 .text.HAL_UART_MspInit
                0x0800269c      0x11c ./Core/Src/stm32f4xx_hal_msp.o
                0x0800269c                HAL_UART_MspInit
 .text.HAL_UART_MspDeInit
                0x080027b8       0x70 ./Core/Src/stm32f4xx_hal_msp.o
                0x080027b8                HAL_UART_MspDeInit
 .text.NMI_Handler
                0x08002828        0x8 ./Core/Src/stm32f4xx_it.o
                0x08002828                NMI_Handler
 .text.HardFault_Handler
                0x08002830        0x8 ./Core/Src/stm32f4xx_it.o
                0x08002830                HardFault_Handler
 .text.MemManage_Handler
                0x08002838        0x8 ./Core/Src/stm32f4xx_it.o
                0x08002838                MemManage_Handler
 .text.BusFault_Handler
                0x08002840        0x8 ./Core/Src/stm32f4xx_it.o
                0x08002840                BusFault_Handler
 .text.UsageFault_Handler
                0x08002848        0x8 ./Core/Src/stm32f4xx_it.o
                0x08002848                UsageFault_Handler
 .text.SVC_Handler
                0x08002850        0xe ./Core/Src/stm32f4xx_it.o
                0x08002850                SVC_Handler
 .text.DebugMon_Handler
                0x0800285e        0xe ./Core/Src/stm32f4xx_it.o
                0x0800285e                DebugMon_Handler
 .text.PendSV_Handler
                0x0800286c        0xe ./Core/Src/stm32f4xx_it.o
                0x0800286c                PendSV_Handler
 .text.SysTick_Handler
                0x0800287a        0xc ./Core/Src/stm32f4xx_it.o
                0x0800287a                SysTick_Handler
 *fill*         0x08002886        0x2 
 .text.USART2_IRQHandler
                0x08002888       0x14 ./Core/Src/stm32f4xx_it.o
                0x08002888                USART2_IRQHandler
 .text.USART3_IRQHandler
                0x0800289c       0x14 ./Core/Src/stm32f4xx_it.o
                0x0800289c                USART3_IRQHandler
 .text.TIM6_DAC_IRQHandler
                0x080028b0       0x14 ./Core/Src/stm32f4xx_it.o
                0x080028b0                TIM6_DAC_IRQHandler
 .text._sbrk    0x080028c4       0x6c ./Core/Src/sysmem.o
                0x080028c4                _sbrk
 .text.SystemInit
                0x08002930       0x24 ./Core/Src/system_stm32f4xx.o
                0x08002930                SystemInit
 .text.Reset_Handler
                0x08002954       0x50 ./Core/Startup/startup_stm32f407vgtx.o
                0x08002954                Reset_Handler
 .text.Default_Handler
                0x080029a4        0x2 ./Core/Startup/startup_stm32f407vgtx.o
                0x080029a4                RTC_Alarm_IRQHandler
                0x080029a4                HASH_RNG_IRQHandler
                0x080029a4                EXTI2_IRQHandler
                0x080029a4                TIM8_CC_IRQHandler
                0x080029a4                TIM1_CC_IRQHandler
                0x080029a4                DMA2_Stream5_IRQHandler
                0x080029a4                DMA1_Stream5_IRQHandler
                0x080029a4                PVD_IRQHandler
                0x080029a4                SDIO_IRQHandler
                0x080029a4                TAMP_STAMP_IRQHandler
                0x080029a4                CAN2_RX1_IRQHandler
                0x080029a4                EXTI3_IRQHandler
                0x080029a4                TIM8_TRG_COM_TIM14_IRQHandler
                0x080029a4                TIM1_UP_TIM10_IRQHandler
                0x080029a4                TIM8_UP_TIM13_IRQHandler
                0x080029a4                I2C3_ER_IRQHandler
                0x080029a4                EXTI0_IRQHandler
                0x080029a4                I2C2_EV_IRQHandler
                0x080029a4                DMA1_Stream2_IRQHandler
                0x080029a4                CAN1_RX0_IRQHandler
                0x080029a4                FPU_IRQHandler
                0x080029a4                OTG_HS_WKUP_IRQHandler
                0x080029a4                CAN2_SCE_IRQHandler
                0x080029a4                DMA2_Stream2_IRQHandler
                0x080029a4                SPI1_IRQHandler
                0x080029a4                TIM1_BRK_TIM9_IRQHandler
                0x080029a4                DCMI_IRQHandler
                0x080029a4                CAN2_RX0_IRQHandler
                0x080029a4                DMA2_Stream3_IRQHandler
                0x080029a4                USART6_IRQHandler
                0x080029a4                CAN1_RX1_IRQHandler
                0x080029a4                UART5_IRQHandler
                0x080029a4                DMA2_Stream0_IRQHandler
                0x080029a4                TIM4_IRQHandler
                0x080029a4                I2C1_EV_IRQHandler
                0x080029a4                DMA1_Stream6_IRQHandler
                0x080029a4                DMA1_Stream1_IRQHandler
                0x080029a4                UART4_IRQHandler
                0x080029a4                TIM3_IRQHandler
                0x080029a4                RCC_IRQHandler
                0x080029a4                TIM8_BRK_TIM12_IRQHandler
                0x080029a4                Default_Handler
                0x080029a4                EXTI15_10_IRQHandler
                0x080029a4                ADC_IRQHandler
                0x080029a4                DMA1_Stream7_IRQHandler
                0x080029a4                TIM7_IRQHandler
                0x080029a4                CAN2_TX_IRQHandler
                0x080029a4                TIM5_IRQHandler
                0x080029a4                DMA2_Stream7_IRQHandler
                0x080029a4                I2C3_EV_IRQHandler
                0x080029a4                EXTI9_5_IRQHandler
                0x080029a4                RTC_WKUP_IRQHandler
                0x080029a4                ETH_WKUP_IRQHandler
                0x080029a4                SPI2_IRQHandler
                0x080029a4                OTG_HS_EP1_IN_IRQHandler
                0x080029a4                DMA1_Stream0_IRQHandler
                0x080029a4                CAN1_TX_IRQHandler
                0x080029a4                EXTI4_IRQHandler
                0x080029a4                FSMC_IRQHandler
                0x080029a4                ETH_IRQHandler
                0x080029a4                OTG_HS_EP1_OUT_IRQHandler
                0x080029a4                WWDG_IRQHandler
                0x080029a4                TIM2_IRQHandler
                0x080029a4                OTG_FS_WKUP_IRQHandler
                0x080029a4                TIM1_TRG_COM_TIM11_IRQHandler
                0x080029a4                OTG_HS_IRQHandler
                0x080029a4                EXTI1_IRQHandler
                0x080029a4                I2C2_ER_IRQHandler
                0x080029a4                DMA2_Stream1_IRQHandler
                0x080029a4                CAN1_SCE_IRQHandler
                0x080029a4                FLASH_IRQHandler
                0x080029a4                DMA2_Stream4_IRQHandler
                0x080029a4                USART1_IRQHandler
                0x080029a4                OTG_FS_IRQHandler
                0x080029a4                SPI3_IRQHandler
                0x080029a4                DMA1_Stream4_IRQHandler
                0x080029a4                I2C1_ER_IRQHandler
                0x080029a4                DMA2_Stream6_IRQHandler
                0x080029a4                DMA1_Stream3_IRQHandler
 *fill*         0x080029a6        0x2 
 .text.HAL_Init
                0x080029a8       0x44 ./Drivers/STM32F4xx_HAL_Driver/Src/stm32f4xx_hal.o
                0x080029a8                HAL_Init
 .text.HAL_InitTick
                0x080029ec       0x60 ./Drivers/STM32F4xx_HAL_Driver/Src/stm32f4xx_hal.o
                0x080029ec                HAL_InitTick
 .text.HAL_IncTick
                0x08002a4c       0x28 ./Drivers/STM32F4xx_HAL_Driver/Src/stm32f4xx_hal.o
                0x08002a4c                HAL_IncTick
 .text.HAL_GetTick
                0x08002a74       0x18 ./Drivers/STM32F4xx_HAL_Driver/Src/stm32f4xx_hal.o
                0x08002a74                HAL_GetTick
 .text.HAL_Delay
                0x08002a8c       0x48 ./Drivers/STM32F4xx_HAL_Driver/Src/stm32f4xx_hal.o
                0x08002a8c                HAL_Delay
 .text.HAL_ADC_Init
                0x08002ad4       0x86 ./Drivers/STM32F4xx_HAL_Driver/Src/stm32f4xx_hal_adc.o
                0x08002ad4                HAL_ADC_Init
 *fill*         0x08002b5a        0x2 
 .text.HAL_ADC_Start
                0x08002b5c      0x1a4 ./Drivers/STM32F4xx_HAL_Driver/Src/stm32f4xx_hal_adc.o
                0x08002b5c                HAL_ADC_Start
 .text.HAL_ADC_Stop
                0x08002d00       0x66 ./Drivers/STM32F4xx_HAL_Driver/Src/stm32f4xx_hal_adc.o
                0x08002d00                HAL_ADC_Stop
 .text.HAL_ADC_PollForConversion
                0x08002d66      0x116 ./Drivers/STM32F4xx_HAL_Driver/Src/stm32f4xx_hal_adc.o
                0x08002d66                HAL_ADC_PollForConversion
 .text.HAL_ADC_GetValue
                0x08002e7c       0x1a ./Drivers/STM32F4xx_HAL_Driver/Src/stm32f4xx_hal_adc.o
                0x08002e7c                HAL_ADC_GetValue
 *fill*         0x08002e96        0x2 
 .text.HAL_ADC_ConfigChannel
                0x08002e98      0x244 ./Drivers/STM32F4xx_HAL_Driver/Src/stm32f4xx_hal_adc.o
                0x08002e98                HAL_ADC_ConfigChannel
 .text.ADC_Init
                0x080030dc      0x1f8 ./Drivers/STM32F4xx_HAL_Driver/Src/stm32f4xx_hal_adc.o
 .text.__NVIC_SetPriorityGrouping
                0x080032d4       0x48 ./Drivers/STM32F4xx_HAL_Driver/Src/stm32f4xx_hal_cortex.o
 .text.__NVIC_GetPriorityGrouping
                0x0800331c       0x1c ./Drivers/STM32F4xx_HAL_Driver/Src/stm32f4xx_hal_cortex.o
 .text.__NVIC_EnableIRQ
                0x08003338       0x3c ./Drivers/STM32F4xx_HAL_Driver/Src/stm32f4xx_hal_cortex.o
 .text.__NVIC_DisableIRQ
                0x08003374       0x48 ./Drivers/STM32F4xx_HAL_Driver/Src/stm32f4xx_hal_cortex.o
 .text.__NVIC_SetPriority
                0x080033bc       0x54 ./Drivers/STM32F4xx_HAL_Driver/Src/stm32f4xx_hal_cortex.o
 .text.NVIC_EncodePriority
                0x08003410       0x66 ./Drivers/STM32F4xx_HAL_Driver/Src/stm32f4xx_hal_cortex.o
 *fill*         0x08003476        0x2 
 .text.SysTick_Config
                0x08003478       0x44 ./Drivers/STM32F4xx_HAL_Driver/Src/stm32f4xx_hal_cortex.o
 .text.HAL_NVIC_SetPriorityGrouping
                0x080034bc       0x16 ./Drivers/STM32F4xx_HAL_Driver/Src/stm32f4xx_hal_cortex.o
                0x080034bc                HAL_NVIC_SetPriorityGrouping
 .text.HAL_NVIC_SetPriority
                0x080034d2       0x38 ./Drivers/STM32F4xx_HAL_Driver/Src/stm32f4xx_hal_cortex.o
                0x080034d2                HAL_NVIC_SetPriority
 .text.HAL_NVIC_EnableIRQ
                0x0800350a       0x1c ./Drivers/STM32F4xx_HAL_Driver/Src/stm32f4xx_hal_cortex.o
                0x0800350a                HAL_NVIC_EnableIRQ
 .text.HAL_NVIC_DisableIRQ
                0x08003526       0x1c ./Drivers/STM32F4xx_HAL_Driver/Src/stm32f4xx_hal_cortex.o
                0x08003526                HAL_NVIC_DisableIRQ
 .text.HAL_SYSTICK_Config
                0x08003542       0x18 ./Drivers/STM32F4xx_HAL_Driver/Src/stm32f4xx_hal_cortex.o
                0x08003542                HAL_SYSTICK_Config
 .text.HAL_DMA_Abort
                0x0800355a       0xe0 ./Drivers/STM32F4xx_HAL_Driver/Src/stm32f4xx_hal_dma.o
                0x0800355a                HAL_DMA_Abort
 .text.HAL_DMA_Abort_IT
                0x0800363a       0x44 ./Drivers/STM32F4xx_HAL_Driver/Src/stm32f4xx_hal_dma.o
                0x0800363a                HAL_DMA_Abort_IT
 *fill*         0x0800367e        0x2 
 .text.HAL_GPIO_Init
                0x08003680      0x338 ./Drivers/STM32F4xx_HAL_Driver/Src/stm32f4xx_hal_gpio.o
                0x08003680                HAL_GPIO_Init
 .text.HAL_GPIO_DeInit
                0x080039b8      0x1f8 ./Drivers/STM32F4xx_HAL_Driver/Src/stm32f4xx_hal_gpio.o
                0x080039b8                HAL_GPIO_DeInit
 .text.HAL_GPIO_ReadPin
                0x08003bb0       0x30 ./Drivers/STM32F4xx_HAL_Driver/Src/stm32f4xx_hal_gpio.o
                0x08003bb0                HAL_GPIO_ReadPin
 .text.HAL_GPIO_WritePin
                0x08003be0       0x32 ./Drivers/STM32F4xx_HAL_Driver/Src/stm32f4xx_hal_gpio.o
                0x08003be0                HAL_GPIO_WritePin
 *fill*         0x08003c12        0x2 
 .text.HAL_I2C_Init
                0x08003c14      0x288 ./Drivers/STM32F4xx_HAL_Driver/Src/stm32f4xx_hal_i2c.o
                0x08003c14                HAL_I2C_Init
 .text.HAL_I2C_Mem_Write
                0x08003e9c      0x1f4 ./Drivers/STM32F4xx_HAL_Driver/Src/stm32f4xx_hal_i2c.o
                0x08003e9c                HAL_I2C_Mem_Write
 .text.I2C_RequestMemoryWrite
                0x08004090      0x12c ./Drivers/STM32F4xx_HAL_Driver/Src/stm32f4xx_hal_i2c.o
 .text.I2C_WaitOnFlagUntilTimeout
                0x080041bc       0xf4 ./Drivers/STM32F4xx_HAL_Driver/Src/stm32f4xx_hal_i2c.o
 .text.I2C_WaitOnMasterAddressFlagUntilTimeout
                0x080042b0      0x140 ./Drivers/STM32F4xx_HAL_Driver/Src/stm32f4xx_hal_i2c.o
 .text.I2C_WaitOnTXEFlagUntilTimeout
                0x080043f0       0x90 ./Drivers/STM32F4xx_HAL_Driver/Src/stm32f4xx_hal_i2c.o
 .text.I2C_WaitOnBTFFlagUntilTimeout
                0x08004480       0x90 ./Drivers/STM32F4xx_HAL_Driver/Src/stm32f4xx_hal_i2c.o
 .text.I2C_IsAcknowledgeFailed
                0x08004510       0x5e ./Drivers/STM32F4xx_HAL_Driver/Src/stm32f4xx_hal_i2c.o
 *fill*         0x0800456e        0x2 
 .text.HAL_RCC_OscConfig
                0x08004570      0x4f0 ./Drivers/STM32F4xx_HAL_Driver/Src/stm32f4xx_hal_rcc.o
                0x08004570                HAL_RCC_OscConfig
 .text.HAL_RCC_ClockConfig
                0x08004a60      0x1cc ./Drivers/STM32F4xx_HAL_Driver/Src/stm32f4xx_hal_rcc.o
                0x08004a60                HAL_RCC_ClockConfig
 .text.HAL_RCC_GetSysClockFreq
                0x08004c2c      0x18c ./Drivers/STM32F4xx_HAL_Driver/Src/stm32f4xx_hal_rcc.o
                0x08004c2c                HAL_RCC_GetSysClockFreq
 .text.HAL_RCC_GetHCLKFreq
                0x08004db8       0x18 ./Drivers/STM32F4xx_HAL_Driver/Src/stm32f4xx_hal_rcc.o
                0x08004db8                HAL_RCC_GetHCLKFreq
 .text.HAL_RCC_GetPCLK1Freq
                0x08004dd0       0x28 ./Drivers/STM32F4xx_HAL_Driver/Src/stm32f4xx_hal_rcc.o
                0x08004dd0                HAL_RCC_GetPCLK1Freq
 .text.HAL_RCC_GetPCLK2Freq
                0x08004df8       0x28 ./Drivers/STM32F4xx_HAL_Driver/Src/stm32f4xx_hal_rcc.o
                0x08004df8                HAL_RCC_GetPCLK2Freq
 .text.HAL_TIM_Base_Init
                0x08004e20       0x9e ./Drivers/STM32F4xx_HAL_Driver/Src/stm32f4xx_hal_tim.o
                0x08004e20                HAL_TIM_Base_Init
 *fill*         0x08004ebe        0x2 
 .text.HAL_TIM_Base_Start_IT
                0x08004ec0       0xe0 ./Drivers/STM32F4xx_HAL_Driver/Src/stm32f4xx_hal_tim.o
                0x08004ec0                HAL_TIM_Base_Start_IT
 .text.HAL_TIM_PWM_Init
                0x08004fa0       0x9e ./Drivers/STM32F4xx_HAL_Driver/Src/stm32f4xx_hal_tim.o
                0x08004fa0                HAL_TIM_PWM_Init
 *fill*         0x0800503e        0x2 
 .text.HAL_TIM_PWM_Start
                0x08005040      0x190 ./Drivers/STM32F4xx_HAL_Driver/Src/stm32f4xx_hal_tim.o
                0x08005040                HAL_TIM_PWM_Start
 .text.HAL_TIM_IRQHandler
                0x080051d0      0x1e0 ./Drivers/STM32F4xx_HAL_Driver/Src/stm32f4xx_hal_tim.o
                0x080051d0                HAL_TIM_IRQHandler
 .text.HAL_TIM_PWM_ConfigChannel
                0x080053b0      0x184 ./Drivers/STM32F4xx_HAL_Driver/Src/stm32f4xx_hal_tim.o
                0x080053b0                HAL_TIM_PWM_ConfigChannel
 .text.HAL_TIM_OC_DelayElapsedCallback
                0x08005534       0x14 ./Drivers/STM32F4xx_HAL_Driver/Src/stm32f4xx_hal_tim.o
                0x08005534                HAL_TIM_OC_DelayElapsedCallback
 .text.HAL_TIM_IC_CaptureCallback
                0x08005548       0x14 ./Drivers/STM32F4xx_HAL_Driver/Src/stm32f4xx_hal_tim.o
                0x08005548                HAL_TIM_IC_CaptureCallback
 .text.HAL_TIM_PWM_PulseFinishedCallback
                0x0800555c       0x14 ./Drivers/STM32F4xx_HAL_Driver/Src/stm32f4xx_hal_tim.o
                0x0800555c                HAL_TIM_PWM_PulseFinishedCallback
 .text.HAL_TIM_TriggerCallback
                0x08005570       0x14 ./Drivers/STM32F4xx_HAL_Driver/Src/stm32f4xx_hal_tim.o
                0x08005570                HAL_TIM_TriggerCallback
 .text.TIM_Base_SetConfig
                0x08005584      0x158 ./Drivers/STM32F4xx_HAL_Driver/Src/stm32f4xx_hal_tim.o
                0x08005584                TIM_Base_SetConfig
 .text.TIM_OC1_SetConfig
                0x080056dc       0xe0 ./Drivers/STM32F4xx_HAL_Driver/Src/stm32f4xx_hal_tim.o
 .text.TIM_OC2_SetConfig
                0x080057bc       0xec ./Drivers/STM32F4xx_HAL_Driver/Src/stm32f4xx_hal_tim.o
                0x080057bc                TIM_OC2_SetConfig
 .text.TIM_OC3_SetConfig
                0x080058a8       0xe8 ./Drivers/STM32F4xx_HAL_Driver/Src/stm32f4xx_hal_tim.o
 .text.TIM_OC4_SetConfig
                0x08005990       0xac ./Drivers/STM32F4xx_HAL_Driver/Src/stm32f4xx_hal_tim.o
 .text.TIM_CCxChannelCmd
                0x08005a3c       0x4a ./Drivers/STM32F4xx_HAL_Driver/Src/stm32f4xx_hal_tim.o
                0x08005a3c                TIM_CCxChannelCmd
 *fill*         0x08005a86        0x2 
 .text.HAL_TIMEx_MasterConfigSynchronization
                0x08005a88       0xf8 ./Drivers/STM32F4xx_HAL_Driver/Src/stm32f4xx_hal_tim_ex.o
                0x08005a88                HAL_TIMEx_MasterConfigSynchronization
 .text.HAL_TIMEx_CommutCallback
                0x08005b80       0x14 ./Drivers/STM32F4xx_HAL_Driver/Src/stm32f4xx_hal_tim_ex.o
                0x08005b80                HAL_TIMEx_CommutCallback
 .text.HAL_TIMEx_BreakCallback
                0x08005b94       0x14 ./Drivers/STM32F4xx_HAL_Driver/Src/stm32f4xx_hal_tim_ex.o
                0x08005b94                HAL_TIMEx_BreakCallback
 .text.HAL_UART_Init
                0x08005ba8       0xa0 ./Drivers/STM32F4xx_HAL_Driver/Src/stm32f4xx_hal_uart.o
                0x08005ba8                HAL_UART_Init
 .text.HAL_UART_DeInit
                0x08005c48       0x64 ./Drivers/STM32F4xx_HAL_Driver/Src/stm32f4xx_hal_uart.o
                0x08005c48                HAL_UART_DeInit
 .text.HAL_UART_Transmit
                0x08005cac      0x116 ./Drivers/STM32F4xx_HAL_Driver/Src/stm32f4xx_hal_uart.o
                0x08005cac                HAL_UART_Transmit
 .text.HAL_UART_Receive
                0x08005dc2      0x12e ./Drivers/STM32F4xx_HAL_Driver/Src/stm32f4xx_hal_uart.o
                0x08005dc2                HAL_UART_Receive
 .text.HAL_UARTEx_ReceiveToIdle_IT
                0x08005ef0       0xba ./Drivers/STM32F4xx_HAL_Driver/Src/stm32f4xx_hal_uart.o
                0x08005ef0                HAL_UARTEx_ReceiveToIdle_IT
 *fill*         0x08005faa        0x2 
 .text.HAL_UART_IRQHandler
                0x08005fac      0x524 ./Drivers/STM32F4xx_HAL_Driver/Src/stm32f4xx_hal_uart.o
                0x08005fac                HAL_UART_IRQHandler
 .text.HAL_UART_TxCpltCallback
                0x080064d0       0x14 ./Drivers/STM32F4xx_HAL_Driver/Src/stm32f4xx_hal_uart.o
                0x080064d0                HAL_UART_TxCpltCallback
 .text.HAL_UART_RxCpltCallback
                0x080064e4       0x14 ./Drivers/STM32F4xx_HAL_Driver/Src/stm32f4xx_hal_uart.o
                0x080064e4                HAL_UART_RxCpltCallback
 .text.HAL_UART_ErrorCallback
                0x080064f8       0x14 ./Drivers/STM32F4xx_HAL_Driver/Src/stm32f4xx_hal_uart.o
                0x080064f8                HAL_UART_ErrorCallback
 .text.HAL_UART_GetState
                0x0800650c       0x3c ./Drivers/STM32F4xx_HAL_Driver/Src/stm32f4xx_hal_uart.o
                0x0800650c                HAL_UART_GetState
 .text.UART_WaitOnFlagUntilTimeout
                0x08006548       0xb2 ./Drivers/STM32F4xx_HAL_Driver/Src/stm32f4xx_hal_uart.o
 .text.UART_Start_Receive_IT
                0x080065fa       0x74 ./Drivers/STM32F4xx_HAL_Driver/Src/stm32f4xx_hal_uart.o
                0x080065fa                UART_Start_Receive_IT
 .text.UART_EndRxTransfer
                0x0800666e       0xc6 ./Drivers/STM32F4xx_HAL_Driver/Src/stm32f4xx_hal_uart.o
 .text.UART_DMAAbortOnError
                0x08006734       0x28 ./Drivers/STM32F4xx_HAL_Driver/Src/stm32f4xx_hal_uart.o
 .text.UART_Transmit_IT
                0x0800675c       0xa0 ./Drivers/STM32F4xx_HAL_Driver/Src/stm32f4xx_hal_uart.o
 .text.UART_EndTransmit_IT
                0x080067fc       0x30 ./Drivers/STM32F4xx_HAL_Driver/Src/stm32f4xx_hal_uart.o
 .text.UART_Receive_IT
                0x0800682c      0x17c ./Drivers/STM32F4xx_HAL_Driver/Src/stm32f4xx_hal_uart.o
 .text.UART_SetConfig
                0x080069a8      0x4e8 ./Drivers/STM32F4xx_HAL_Driver/Src/stm32f4xx_hal_uart.o
 .text.atoi     0x08006e90        0x8 C:/ST/STM32CubeIDE_1.16.0/STM32CubeIDE/plugins/com.st.stm32cube.ide.mcu.externaltools.gnu-tools-for-stm32.12.3.rel1.win32_1.0.200.202406191623/tools/bin/../lib/gcc/arm-none-eabi/12.3.1/../../../../arm-none-eabi/lib/thumb/v7e-m+fp/hard\libc_nano.a(libc_a-atoi.o)
                0x08006e90                atoi
 .text._strtol_l.constprop.0
                0x08006e98       0xf4 C:/ST/STM32CubeIDE_1.16.0/STM32CubeIDE/plugins/com.st.stm32cube.ide.mcu.externaltools.gnu-tools-for-stm32.12.3.rel1.win32_1.0.200.202406191623/tools/bin/../lib/gcc/arm-none-eabi/12.3.1/../../../../arm-none-eabi/lib/thumb/v7e-m+fp/hard\libc_nano.a(libc_a-strtol.o)
 .text.strtol   0x08006f8c       0x14 C:/ST/STM32CubeIDE_1.16.0/STM32CubeIDE/plugins/com.st.stm32cube.ide.mcu.externaltools.gnu-tools-for-stm32.12.3.rel1.win32_1.0.200.202406191623/tools/bin/../lib/gcc/arm-none-eabi/12.3.1/../../../../arm-none-eabi/lib/thumb/v7e-m+fp/hard\libc_nano.a(libc_a-strtol.o)
                0x08006f8c                strtol
 .text.sprintf  0x08006fa0       0x40 C:/ST/STM32CubeIDE_1.16.0/STM32CubeIDE/plugins/com.st.stm32cube.ide.mcu.externaltools.gnu-tools-for-stm32.12.3.rel1.win32_1.0.200.202406191623/tools/bin/../lib/gcc/arm-none-eabi/12.3.1/../../../../arm-none-eabi/lib/thumb/v7e-m+fp/hard\libc_nano.a(libc_a-sprintf.o)
                0x08006fa0                siprintf
                0x08006fa0                sprintf
 .text.memset   0x08006fe0       0x10 C:/ST/STM32CubeIDE_1.16.0/STM32CubeIDE/plugins/com.st.stm32cube.ide.mcu.externaltools.gnu-tools-for-stm32.12.3.rel1.win32_1.0.200.202406191623/tools/bin/../lib/gcc/arm-none-eabi/12.3.1/../../../../arm-none-eabi/lib/thumb/v7e-m+fp/hard\libc_nano.a(libc_a-memset.o)
                0x08006fe0                memset
 .text.__errno  0x08006ff0        0xc C:/ST/STM32CubeIDE_1.16.0/STM32CubeIDE/plugins/com.st.stm32cube.ide.mcu.externaltools.gnu-tools-for-stm32.12.3.rel1.win32_1.0.200.202406191623/tools/bin/../lib/gcc/arm-none-eabi/12.3.1/../../../../arm-none-eabi/lib/thumb/v7e-m+fp/hard\libc_nano.a(libc_a-errno.o)
                0x08006ff0                __errno
 .text.__libc_init_array
                0x08006ffc       0x48 C:/ST/STM32CubeIDE_1.16.0/STM32CubeIDE/plugins/com.st.stm32cube.ide.mcu.externaltools.gnu-tools-for-stm32.12.3.rel1.win32_1.0.200.202406191623/tools/bin/../lib/gcc/arm-none-eabi/12.3.1/../../../../arm-none-eabi/lib/thumb/v7e-m+fp/hard\libc_nano.a(libc_a-init.o)
                0x08006ffc                __libc_init_array
 .text.__retarget_lock_acquire_recursive
                0x08007044        0x2 C:/ST/STM32CubeIDE_1.16.0/STM32CubeIDE/plugins/com.st.stm32cube.ide.mcu.externaltools.gnu-tools-for-stm32.12.3.rel1.win32_1.0.200.202406191623/tools/bin/../lib/gcc/arm-none-eabi/12.3.1/../../../../arm-none-eabi/lib/thumb/v7e-m+fp/hard\libc_nano.a(libc_a-lock.o)
                0x08007044                __retarget_lock_acquire_recursive
 .text.__retarget_lock_release_recursive
                0x08007046        0x2 C:/ST/STM32CubeIDE_1.16.0/STM32CubeIDE/plugins/com.st.stm32cube.ide.mcu.externaltools.gnu-tools-for-stm32.12.3.rel1.win32_1.0.200.202406191623/tools/bin/../lib/gcc/arm-none-eabi/12.3.1/../../../../arm-none-eabi/lib/thumb/v7e-m+fp/hard\libc_nano.a(libc_a-lock.o)
                0x08007046                __retarget_lock_release_recursive
 .text.memcpy   0x08007048       0x1c C:/ST/STM32CubeIDE_1.16.0/STM32CubeIDE/plugins/com.st.stm32cube.ide.mcu.externaltools.gnu-tools-for-stm32.12.3.rel1.win32_1.0.200.202406191623/tools/bin/../lib/gcc/arm-none-eabi/12.3.1/../../../../arm-none-eabi/lib/thumb/v7e-m+fp/hard\libc_nano.a(libc_a-memcpy-stub.o)
                0x08007048                memcpy
 .text._free_r  0x08007064       0x94 C:/ST/STM32CubeIDE_1.16.0/STM32CubeIDE/plugins/com.st.stm32cube.ide.mcu.externaltools.gnu-tools-for-stm32.12.3.rel1.win32_1.0.200.202406191623/tools/bin/../lib/gcc/arm-none-eabi/12.3.1/../../../../arm-none-eabi/lib/thumb/v7e-m+fp/hard\libc_nano.a(libc_a-freer.o)
                0x08007064                _free_r
 .text.sbrk_aligned
                0x080070f8       0x44 C:/ST/STM32CubeIDE_1.16.0/STM32CubeIDE/plugins/com.st.stm32cube.ide.mcu.externaltools.gnu-tools-for-stm32.12.3.rel1.win32_1.0.200.202406191623/tools/bin/../lib/gcc/arm-none-eabi/12.3.1/../../../../arm-none-eabi/lib/thumb/v7e-m+fp/hard\libc_nano.a(libc_a-mallocr.o)
 .text._malloc_r
                0x0800713c      0x100 C:/ST/STM32CubeIDE_1.16.0/STM32CubeIDE/plugins/com.st.stm32cube.ide.mcu.externaltools.gnu-tools-for-stm32.12.3.rel1.win32_1.0.200.202406191623/tools/bin/../lib/gcc/arm-none-eabi/12.3.1/../../../../arm-none-eabi/lib/thumb/v7e-m+fp/hard\libc_nano.a(libc_a-mallocr.o)
                0x0800713c                _malloc_r
 .text.__malloc_lock
                0x0800723c        0xc C:/ST/STM32CubeIDE_1.16.0/STM32CubeIDE/plugins/com.st.stm32cube.ide.mcu.externaltools.gnu-tools-for-stm32.12.3.rel1.win32_1.0.200.202406191623/tools/bin/../lib/gcc/arm-none-eabi/12.3.1/../../../../arm-none-eabi/lib/thumb/v7e-m+fp/hard\libc_nano.a(libc_a-mlock.o)
                0x0800723c                __malloc_lock
 .text.__malloc_unlock
                0x08007248        0xc C:/ST/STM32CubeIDE_1.16.0/STM32CubeIDE/plugins/com.st.stm32cube.ide.mcu.externaltools.gnu-tools-for-stm32.12.3.rel1.win32_1.0.200.202406191623/tools/bin/../lib/gcc/arm-none-eabi/12.3.1/../../../../arm-none-eabi/lib/thumb/v7e-m+fp/hard\libc_nano.a(libc_a-mlock.o)
                0x08007248                __malloc_unlock
 .text.__ssputs_r
                0x08007254       0xb6 C:/ST/STM32CubeIDE_1.16.0/STM32CubeIDE/plugins/com.st.stm32cube.ide.mcu.externaltools.gnu-tools-for-stm32.12.3.rel1.win32_1.0.200.202406191623/tools/bin/../lib/gcc/arm-none-eabi/12.3.1/../../../../arm-none-eabi/lib/thumb/v7e-m+fp/hard\libc_nano.a(libc_a-nano-svfprintf.o)
                0x08007254                __ssputs_r
 *fill*         0x0800730a        0x2 
 .text._svfprintf_r
                0x0800730c      0x1f8 C:/ST/STM32CubeIDE_1.16.0/STM32CubeIDE/plugins/com.st.stm32cube.ide.mcu.externaltools.gnu-tools-for-stm32.12.3.rel1.win32_1.0.200.202406191623/tools/bin/../lib/gcc/arm-none-eabi/12.3.1/../../../../arm-none-eabi/lib/thumb/v7e-m+fp/hard\libc_nano.a(libc_a-nano-svfprintf.o)
                0x0800730c                _svfiprintf_r
                0x0800730c                _svfprintf_r
 .text._printf_common
                0x08007504       0xda C:/ST/STM32CubeIDE_1.16.0/STM32CubeIDE/plugins/com.st.stm32cube.ide.mcu.externaltools.gnu-tools-for-stm32.12.3.rel1.win32_1.0.200.202406191623/tools/bin/../lib/gcc/arm-none-eabi/12.3.1/../../../../arm-none-eabi/lib/thumb/v7e-m+fp/hard\libc_nano.a(libc_a-nano-vfprintf_i.o)
                0x08007504                _printf_common
 *fill*         0x080075de        0x2 
 .text._printf_i
                0x080075e0      0x240 C:/ST/STM32CubeIDE_1.16.0/STM32CubeIDE/plugins/com.st.stm32cube.ide.mcu.externaltools.gnu-tools-for-stm32.12.3.rel1.win32_1.0.200.202406191623/tools/bin/../lib/gcc/arm-none-eabi/12.3.1/../../../../arm-none-eabi/lib/thumb/v7e-m+fp/hard\libc_nano.a(libc_a-nano-vfprintf_i.o)
                0x080075e0                _printf_i
 .text.memmove  0x08007820       0x34 C:/ST/STM32CubeIDE_1.16.0/STM32CubeIDE/plugins/com.st.stm32cube.ide.mcu.externaltools.gnu-tools-for-stm32.12.3.rel1.win32_1.0.200.202406191623/tools/bin/../lib/gcc/arm-none-eabi/12.3.1/../../../../arm-none-eabi/lib/thumb/v7e-m+fp/hard\libc_nano.a(libc_a-memmove.o)
                0x08007820                memmove
 .text._sbrk_r  0x08007854       0x20 C:/ST/STM32CubeIDE_1.16.0/STM32CubeIDE/plugins/com.st.stm32cube.ide.mcu.externaltools.gnu-tools-for-stm32.12.3.rel1.win32_1.0.200.202406191623/tools/bin/../lib/gcc/arm-none-eabi/12.3.1/../../../../arm-none-eabi/lib/thumb/v7e-m+fp/hard\libc_nano.a(libc_a-sbrkr.o)
                0x08007854                _sbrk_r
 .text._realloc_r
                0x08007874       0x5c C:/ST/STM32CubeIDE_1.16.0/STM32CubeIDE/plugins/com.st.stm32cube.ide.mcu.externaltools.gnu-tools-for-stm32.12.3.rel1.win32_1.0.200.202406191623/tools/bin/../lib/gcc/arm-none-eabi/12.3.1/../../../../arm-none-eabi/lib/thumb/v7e-m+fp/hard\libc_nano.a(libc_a-reallocr.o)
                0x08007874                _realloc_r
 .text._malloc_usable_size_r
                0x080078d0       0x10 C:/ST/STM32CubeIDE_1.16.0/STM32CubeIDE/plugins/com.st.stm32cube.ide.mcu.externaltools.gnu-tools-for-stm32.12.3.rel1.win32_1.0.200.202406191623/tools/bin/../lib/gcc/arm-none-eabi/12.3.1/../../../../arm-none-eabi/lib/thumb/v7e-m+fp/hard\libc_nano.a(libc_a-msizer.o)
                0x080078d0                _malloc_usable_size_r
 *(.glue_7)
 .glue_7        0x080078e0        0x0 linker stubs
 *(.glue_7t)
 .glue_7t       0x080078e0        0x0 linker stubs
 *(.eh_frame)
 .eh_frame      0x080078e0        0x0 C:/ST/STM32CubeIDE_1.16.0/STM32CubeIDE/plugins/com.st.stm32cube.ide.mcu.externaltools.gnu-tools-for-stm32.12.3.rel1.win32_1.0.200.202406191623/tools/bin/../lib/gcc/arm-none-eabi/12.3.1/thumb/v7e-m+fp/hard/crtbegin.o
 *(.init)
 .init          0x080078e0        0x4 C:/ST/STM32CubeIDE_1.16.0/STM32CubeIDE/plugins/com.st.stm32cube.ide.mcu.externaltools.gnu-tools-for-stm32.12.3.rel1.win32_1.0.200.202406191623/tools/bin/../lib/gcc/arm-none-eabi/12.3.1/thumb/v7e-m+fp/hard/crti.o
                0x080078e0                _init
 .init          0x080078e4        0x8 C:/ST/STM32CubeIDE_1.16.0/STM32CubeIDE/plugins/com.st.stm32cube.ide.mcu.externaltools.gnu-tools-for-stm32.12.3.rel1.win32_1.0.200.202406191623/tools/bin/../lib/gcc/arm-none-eabi/12.3.1/thumb/v7e-m+fp/hard/crtn.o
 *(.fini)
 .fini          0x080078ec        0x4 C:/ST/STM32CubeIDE_1.16.0/STM32CubeIDE/plugins/com.st.stm32cube.ide.mcu.externaltools.gnu-tools-for-stm32.12.3.rel1.win32_1.0.200.202406191623/tools/bin/../lib/gcc/arm-none-eabi/12.3.1/thumb/v7e-m+fp/hard/crti.o
                0x080078ec                _fini
 .fini          0x080078f0        0x8 C:/ST/STM32CubeIDE_1.16.0/STM32CubeIDE/plugins/com.st.stm32cube.ide.mcu.externaltools.gnu-tools-for-stm32.12.3.rel1.win32_1.0.200.202406191623/tools/bin/../lib/gcc/arm-none-eabi/12.3.1/thumb/v7e-m+fp/hard/crtn.o
                0x080078f8                        . = ALIGN (0x4)
                0x080078f8                        _etext = .

.vfp11_veneer   0x080078f8        0x0
 .vfp11_veneer  0x080078f8        0x0 linker stubs

.v4_bx          0x080078f8        0x0
 .v4_bx         0x080078f8        0x0 linker stubs

.iplt           0x080078f8        0x0
 .iplt          0x080078f8        0x0 C:/ST/STM32CubeIDE_1.16.0/STM32CubeIDE/plugins/com.st.stm32cube.ide.mcu.externaltools.gnu-tools-for-stm32.12.3.rel1.win32_1.0.200.202406191623/tools/bin/../lib/gcc/arm-none-eabi/12.3.1/thumb/v7e-m+fp/hard/crtbegin.o

.rodata         0x080078f8      0xa24
                0x080078f8                        . = ALIGN (0x4)
 *(.rodata)
 .rodata        0x080078f8      0x6d8 ./Core/Src/main.o
 *(.rodata*)
 .rodata.table_crc_hi
                0x08007fd0      0x100 ./Core/Src/modbus_crc.o
 .rodata.table_crc_lo
                0x080080d0      0x100 ./Core/Src/modbus_crc.o
 .rodata.AHBPrescTable
                0x080081d0       0x10 ./Core/Src/system_stm32f4xx.o
                0x080081d0                AHBPrescTable
 .rodata.APBPrescTable
                0x080081e0        0x8 ./Core/Src/system_stm32f4xx.o
                0x080081e0                APBPrescTable
 .rodata._ctype_
                0x080081e8      0x101 C:/ST/STM32CubeIDE_1.16.0/STM32CubeIDE/plugins/com.st.stm32cube.ide.mcu.externaltools.gnu-tools-for-stm32.12.3.rel1.win32_1.0.200.202406191623/tools/bin/../lib/gcc/arm-none-eabi/12.3.1/../../../../arm-none-eabi/lib/thumb/v7e-m+fp/hard\libc_nano.a(libc_a-ctype_.o)
                0x080081e8                _ctype_
 .rodata._svfprintf_r.str1.1
                0x080082e9       0x11 C:/ST/STM32CubeIDE_1.16.0/STM32CubeIDE/plugins/com.st.stm32cube.ide.mcu.externaltools.gnu-tools-for-stm32.12.3.rel1.win32_1.0.200.202406191623/tools/bin/../lib/gcc/arm-none-eabi/12.3.1/../../../../arm-none-eabi/lib/thumb/v7e-m+fp/hard\libc_nano.a(libc_a-nano-svfprintf.o)
 .rodata._printf_i.str1.1
                0x080082fa       0x22 C:/ST/STM32CubeIDE_1.16.0/STM32CubeIDE/plugins/com.st.stm32cube.ide.mcu.externaltools.gnu-tools-for-stm32.12.3.rel1.win32_1.0.200.202406191623/tools/bin/../lib/gcc/arm-none-eabi/12.3.1/../../../../arm-none-eabi/lib/thumb/v7e-m+fp/hard\libc_nano.a(libc_a-nano-vfprintf_i.o)
                0x0800831c                        . = ALIGN (0x4)

.ARM.extab      0x0800831c        0x0
                0x0800831c                        . = ALIGN (0x4)
 *(.ARM.extab* .gnu.linkonce.armextab.*)
                0x0800831c                        . = ALIGN (0x4)

.ARM            0x0800831c        0x8
                0x0800831c                        . = ALIGN (0x4)
                0x0800831c                        __exidx_start = .
 *(.ARM.exidx*)
 .ARM.exidx     0x0800831c        0x8 C:/ST/STM32CubeIDE_1.16.0/STM32CubeIDE/plugins/com.st.stm32cube.ide.mcu.externaltools.gnu-tools-for-stm32.12.3.rel1.win32_1.0.200.202406191623/tools/bin/../lib/gcc/arm-none-eabi/12.3.1/../../../../arm-none-eabi/lib/thumb/v7e-m+fp/hard\libc_nano.a(libc_a-strlen.o)
 .ARM.exidx     0x08008324        0x0 C:/ST/STM32CubeIDE_1.16.0/STM32CubeIDE/plugins/com.st.stm32cube.ide.mcu.externaltools.gnu-tools-for-stm32.12.3.rel1.win32_1.0.200.202406191623/tools/bin/../lib/gcc/arm-none-eabi/12.3.1/../../../../arm-none-eabi/lib/thumb/v7e-m+fp/hard\libc_nano.a(libc_a-memchr.o)
                                  0x8 (size before relaxing)
 .ARM.exidx     0x08008324        0x0 C:/ST/STM32CubeIDE_1.16.0/STM32CubeIDE/plugins/com.st.stm32cube.ide.mcu.externaltools.gnu-tools-for-stm32.12.3.rel1.win32_1.0.200.202406191623/tools/bin/../lib/gcc/arm-none-eabi/12.3.1/thumb/v7e-m+fp/hard\libgcc.a(_udivmoddi4.o)
                                  0x8 (size before relaxing)
                0x08008324                        __exidx_end = .
                0x08008324                        . = ALIGN (0x4)

.preinit_array  0x08008324        0x0
                0x08008324                        . = ALIGN (0x4)
                0x08008324                        PROVIDE (__preinit_array_start = .)
 *(.preinit_array*)
                0x08008324                        PROVIDE (__preinit_array_end = .)
                0x08008324                        . = ALIGN (0x4)

.init_array     0x08008324        0x4
                0x08008324                        . = ALIGN (0x4)
                0x08008324                        PROVIDE (__init_array_start = .)
 *(SORT_BY_NAME(.init_array.*))
 *(.init_array*)
 .init_array    0x08008324        0x4 C:/ST/STM32CubeIDE_1.16.0/STM32CubeIDE/plugins/com.st.stm32cube.ide.mcu.externaltools.gnu-tools-for-stm32.12.3.rel1.win32_1.0.200.202406191623/tools/bin/../lib/gcc/arm-none-eabi/12.3.1/thumb/v7e-m+fp/hard/crtbegin.o
                0x08008328                        PROVIDE (__init_array_end = .)
                0x08008328                        . = ALIGN (0x4)

.fini_array     0x08008328        0x4
                0x08008328                        . = ALIGN (0x4)
                [!provide]                        PROVIDE (__fini_array_start = .)
 *(SORT_BY_NAME(.fini_array.*))
 *(.fini_array*)
 .fini_array    0x08008328        0x4 C:/ST/STM32CubeIDE_1.16.0/STM32CubeIDE/plugins/com.st.stm32cube.ide.mcu.externaltools.gnu-tools-for-stm32.12.3.rel1.win32_1.0.200.202406191623/tools/bin/../lib/gcc/arm-none-eabi/12.3.1/thumb/v7e-m+fp/hard/crtbegin.o
                [!provide]                        PROVIDE (__fini_array_end = .)
                0x0800832c                        . = ALIGN (0x4)
                0x0800832c                        _sidata = LOADADDR (.data)

.rel.dyn        0x0800832c        0x0
 .rel.iplt      0x0800832c        0x0 C:/ST/STM32CubeIDE_1.16.0/STM32CubeIDE/plugins/com.st.stm32cube.ide.mcu.externaltools.gnu-tools-for-stm32.12.3.rel1.win32_1.0.200.202406191623/tools/bin/../lib/gcc/arm-none-eabi/12.3.1/thumb/v7e-m+fp/hard/crtbegin.o

.data           0x20000000      0x16c load address 0x0800832c
                0x20000000                        . = ALIGN (0x4)
                0x20000000                        _sdata = .
 *(.data)
 *(.data*)
 .data.uartParams
                0x20000000       0x10 ./Core/Src/main.o
                0x20000000                uartParams
 .data.Holding_Registers_Database
                0x20000010       0x64 ./Core/Src/modbusSlave.o
                0x20000010                Holding_Registers_Database
 .data.Input_Registers_Database
                0x20000074       0x64 ./Core/Src/modbusSlave.o
                0x20000074                Input_Registers_Database
 .data.Coils_Database
                0x200000d8       0x19 ./Core/Src/modbusSlave.o
                0x200000d8                Coils_Database
 *fill*         0x200000f1        0x3 
 .data.Inputs_Database
                0x200000f4       0x19 ./Core/Src/modbusSlave.o
                0x200000f4                Inputs_Database
 *fill*         0x2000010d        0x3 
 .data.SystemCoreClock
                0x20000110        0x4 ./Core/Src/system_stm32f4xx.o
                0x20000110                SystemCoreClock
 .data.uwTickPrio
                0x20000114        0x4 ./Drivers/STM32F4xx_HAL_Driver/Src/stm32f4xx_hal.o
                0x20000114                uwTickPrio
 .data.uwTickFreq
                0x20000118        0x1 ./Drivers/STM32F4xx_HAL_Driver/Src/stm32f4xx_hal.o
                0x20000118                uwTickFreq
 *fill*         0x20000119        0x3 
 .data._impure_ptr
                0x2000011c        0x4 C:/ST/STM32CubeIDE_1.16.0/STM32CubeIDE/plugins/com.st.stm32cube.ide.mcu.externaltools.gnu-tools-for-stm32.12.3.rel1.win32_1.0.200.202406191623/tools/bin/../lib/gcc/arm-none-eabi/12.3.1/../../../../arm-none-eabi/lib/thumb/v7e-m+fp/hard\libc_nano.a(libc_a-impure.o)
                0x2000011c                _impure_ptr
 .data._impure_data
                0x20000120       0x4c C:/ST/STM32CubeIDE_1.16.0/STM32CubeIDE/plugins/com.st.stm32cube.ide.mcu.externaltools.gnu-tools-for-stm32.12.3.rel1.win32_1.0.200.202406191623/tools/bin/../lib/gcc/arm-none-eabi/12.3.1/../../../../arm-none-eabi/lib/thumb/v7e-m+fp/hard\libc_nano.a(libc_a-impure.o)
                0x20000120                _impure_data
 *(.RamFunc)
 *(.RamFunc*)
                0x2000016c                        . = ALIGN (0x4)
                0x2000016c                        _edata = .
                0x08008498                        _siccmram = LOADADDR (.ccmram)

.igot.plt       0x2000016c        0x0 load address 0x08008498
 .igot.plt      0x2000016c        0x0 C:/ST/STM32CubeIDE_1.16.0/STM32CubeIDE/plugins/com.st.stm32cube.ide.mcu.externaltools.gnu-tools-for-stm32.12.3.rel1.win32_1.0.200.202406191623/tools/bin/../lib/gcc/arm-none-eabi/12.3.1/thumb/v7e-m+fp/hard/crtbegin.o

.ccmram         0x10000000        0x0 load address 0x08008498
                0x10000000                        . = ALIGN (0x4)
                0x10000000                        _sccmram = .
 *(.ccmram)
 *(.ccmram*)
                0x10000000                        . = ALIGN (0x4)
                0x10000000                        _eccmram = .
                0x10000000                        . = ALIGN (0x4)

.bss            0x2000016c      0x7c4
                0x2000016c                        _sbss = .
                0x2000016c                        __bss_start__ = _sbss
 *(.bss)
 .bss           0x2000016c       0x1c C:/ST/STM32CubeIDE_1.16.0/STM32CubeIDE/plugins/com.st.stm32cube.ide.mcu.externaltools.gnu-tools-for-stm32.12.3.rel1.win32_1.0.200.202406191623/tools/bin/../lib/gcc/arm-none-eabi/12.3.1/thumb/v7e-m+fp/hard/crtbegin.o
 *(.bss*)
 .bss.hadc1     0x20000188       0x48 ./Core/Src/main.o
                0x20000188                hadc1
 .bss.hi2c1     0x200001d0       0x54 ./Core/Src/main.o
                0x200001d0                hi2c1
 .bss.htim2     0x20000224       0x48 ./Core/Src/main.o
                0x20000224                htim2
 .bss.htim3     0x2000026c       0x48 ./Core/Src/main.o
                0x2000026c                htim3
 .bss.htim6     0x200002b4       0x48 ./Core/Src/main.o
                0x200002b4                htim6
 .bss.huart2    0x200002fc       0x48 ./Core/Src/main.o
                0x200002fc                huart2
 .bss.huart3    0x20000344       0x48 ./Core/Src/main.o
                0x20000344                huart3
 .bss.buffer    0x2000038c       0x20 ./Core/Src/main.o
                0x2000038c                buffer
 .bss.choice    0x200003ac        0x1 ./Core/Src/main.o
                0x200003ac                choice
 .bss.slaveAddr
                0x200003ad        0x1 ./Core/Src/main.o
                0x200003ad                slaveAddr
 .bss.startAddr
                0x200003ae        0x2 ./Core/Src/main.o
                0x200003ae                startAddr
 .bss.numRegs   0x200003b0        0x2 ./Core/Src/main.o
                0x200003b0                numRegs
 .bss.value     0x200003b2        0x2 ./Core/Src/main.o
                0x200003b2                value
 .bss.RxData    0x200003b4      0x100 ./Core/Src/main.o
                0x200003b4                RxData
 .bss.TxData    0x200004b4      0x100 ./Core/Src/main.o
                0x200004b4                TxData
 .bss.TxData_M  0x200005b4        0x8 ./Core/Src/main.o
                0x200005b4                TxData_M
 .bss.rx_buffer
                0x200005bc        0x1 ./Core/Src/main.o
                0x200005bc                rx_buffer
 *fill*         0x200005bd        0x3 
 .bss.tx_buffer
                0x200005c0      0x1f4 ./Core/Src/main.o
                0x200005c0                tx_buffer
 .bss.input_buffer
                0x200007b4       0x14 ./Core/Src/main.o
                0x200007b4                input_buffer
 .bss.mode      0x200007c8        0x1 ./Core/Src/main.o
                0x200007c8                mode
 *fill*         0x200007c9        0x3 
 .bss.uartParamsData
                0x200007cc       0x10 ./Core/Src/main.o
                0x200007cc                uartParamsData
 .bss.led_on.0  0x200007dc        0x1 ./Core/Src/main.o
 *fill*         0x200007dd        0x3 
 .bss.__sbrk_heap_end
                0x200007e0        0x4 ./Core/Src/sysmem.o
 .bss.uwTick    0x200007e4        0x4 ./Drivers/STM32F4xx_HAL_Driver/Src/stm32f4xx_hal.o
                0x200007e4                uwTick
 .bss.__sf      0x200007e8      0x138 C:/ST/STM32CubeIDE_1.16.0/STM32CubeIDE/plugins/com.st.stm32cube.ide.mcu.externaltools.gnu-tools-for-stm32.12.3.rel1.win32_1.0.200.202406191623/tools/bin/../lib/gcc/arm-none-eabi/12.3.1/../../../../arm-none-eabi/lib/thumb/v7e-m+fp/hard\libc_nano.a(libc_a-findfp.o)
                0x200007e8                __sf
 .bss.errno     0x20000920        0x4 C:/ST/STM32CubeIDE_1.16.0/STM32CubeIDE/plugins/com.st.stm32cube.ide.mcu.externaltools.gnu-tools-for-stm32.12.3.rel1.win32_1.0.200.202406191623/tools/bin/../lib/gcc/arm-none-eabi/12.3.1/../../../../arm-none-eabi/lib/thumb/v7e-m+fp/hard\libc_nano.a(libc_a-reent.o)
                0x20000920                errno
 .bss.__lock___malloc_recursive_mutex
                0x20000924        0x1 C:/ST/STM32CubeIDE_1.16.0/STM32CubeIDE/plugins/com.st.stm32cube.ide.mcu.externaltools.gnu-tools-for-stm32.12.3.rel1.win32_1.0.200.202406191623/tools/bin/../lib/gcc/arm-none-eabi/12.3.1/../../../../arm-none-eabi/lib/thumb/v7e-m+fp/hard\libc_nano.a(libc_a-lock.o)
                0x20000924                __lock___malloc_recursive_mutex
 *fill*         0x20000925        0x3 
 .bss.__malloc_sbrk_start
                0x20000928        0x4 C:/ST/STM32CubeIDE_1.16.0/STM32CubeIDE/plugins/com.st.stm32cube.ide.mcu.externaltools.gnu-tools-for-stm32.12.3.rel1.win32_1.0.200.202406191623/tools/bin/../lib/gcc/arm-none-eabi/12.3.1/../../../../arm-none-eabi/lib/thumb/v7e-m+fp/hard\libc_nano.a(libc_a-mallocr.o)
                0x20000928                __malloc_sbrk_start
 .bss.__malloc_free_list
                0x2000092c        0x4 C:/ST/STM32CubeIDE_1.16.0/STM32CubeIDE/plugins/com.st.stm32cube.ide.mcu.externaltools.gnu-tools-for-stm32.12.3.rel1.win32_1.0.200.202406191623/tools/bin/../lib/gcc/arm-none-eabi/12.3.1/../../../../arm-none-eabi/lib/thumb/v7e-m+fp/hard\libc_nano.a(libc_a-mallocr.o)
                0x2000092c                __malloc_free_list
 *(COMMON)
                0x20000930                        . = ALIGN (0x4)
                0x20000930                        _ebss = .
                0x20000930                        __bss_end__ = _ebss

._user_heap_stack
                0x20000930      0x600
                0x20000930                        . = ALIGN (0x8)
                [!provide]                        PROVIDE (end = .)
                0x20000930                        PROVIDE (_end = .)
                0x20000b30                        . = (. + _Min_Heap_Size)
 *fill*         0x20000930      0x200 
                0x20000f30                        . = (. + _Min_Stack_Size)
 *fill*         0x20000b30      0x400 
                0x20000f30                        . = ALIGN (0x8)

/DISCARD/
 libc.a(*)
 libm.a(*)
 libgcc.a(*)

.ARM.attributes
                0x00000000       0x30
 *(.ARM.attributes)
 .ARM.attributes
                0x00000000       0x22 C:/ST/STM32CubeIDE_1.16.0/STM32CubeIDE/plugins/com.st.stm32cube.ide.mcu.externaltools.gnu-tools-for-stm32.12.3.rel1.win32_1.0.200.202406191623/tools/bin/../lib/gcc/arm-none-eabi/12.3.1/thumb/v7e-m+fp/hard/crti.o
 .ARM.attributes
                0x00000022       0x34 C:/ST/STM32CubeIDE_1.16.0/STM32CubeIDE/plugins/com.st.stm32cube.ide.mcu.externaltools.gnu-tools-for-stm32.12.3.rel1.win32_1.0.200.202406191623/tools/bin/../lib/gcc/arm-none-eabi/12.3.1/thumb/v7e-m+fp/hard/crtbegin.o
 .ARM.attributes
                0x00000056       0x34 ./Core/Src/EEPROM.o
 .ARM.attributes
                0x0000008a       0x34 ./Core/Src/main.o
 .ARM.attributes
                0x000000be       0x34 ./Core/Src/modbusSlave.o
 .ARM.attributes
                0x000000f2       0x34 ./Core/Src/modbus_crc.o
 .ARM.attributes
                0x00000126       0x34 ./Core/Src/modbusmaster.o
 .ARM.attributes
                0x0000015a       0x34 ./Core/Src/stm32f4xx_hal_msp.o
 .ARM.attributes
                0x0000018e       0x34 ./Core/Src/stm32f4xx_it.o
 .ARM.attributes
                0x000001c2       0x34 ./Core/Src/sysmem.o
 .ARM.attributes
                0x000001f6       0x34 ./Core/Src/system_stm32f4xx.o
 .ARM.attributes
                0x0000022a       0x21 ./Core/Startup/startup_stm32f407vgtx.o
 .ARM.attributes
                0x0000024b       0x34 ./Drivers/STM32F4xx_HAL_Driver/Src/stm32f4xx_hal.o
 .ARM.attributes
                0x0000027f       0x34 ./Drivers/STM32F4xx_HAL_Driver/Src/stm32f4xx_hal_adc.o
 .ARM.attributes
                0x000002b3       0x34 ./Drivers/STM32F4xx_HAL_Driver/Src/stm32f4xx_hal_cortex.o
 .ARM.attributes
                0x000002e7       0x34 ./Drivers/STM32F4xx_HAL_Driver/Src/stm32f4xx_hal_dma.o
 .ARM.attributes
                0x0000031b       0x34 ./Drivers/STM32F4xx_HAL_Driver/Src/stm32f4xx_hal_gpio.o
 .ARM.attributes
                0x0000034f       0x34 ./Drivers/STM32F4xx_HAL_Driver/Src/stm32f4xx_hal_i2c.o
 .ARM.attributes
                0x00000383       0x34 ./Drivers/STM32F4xx_HAL_Driver/Src/stm32f4xx_hal_rcc.o
 .ARM.attributes
                0x000003b7       0x34 ./Drivers/STM32F4xx_HAL_Driver/Src/stm32f4xx_hal_tim.o
 .ARM.attributes
                0x000003eb       0x34 ./Drivers/STM32F4xx_HAL_Driver/Src/stm32f4xx_hal_tim_ex.o
 .ARM.attributes
                0x0000041f       0x34 ./Drivers/STM32F4xx_HAL_Driver/Src/stm32f4xx_hal_uart.o
 .ARM.attributes
                0x00000453       0x34 C:/ST/STM32CubeIDE_1.16.0/STM32CubeIDE/plugins/com.st.stm32cube.ide.mcu.externaltools.gnu-tools-for-stm32.12.3.rel1.win32_1.0.200.202406191623/tools/bin/../lib/gcc/arm-none-eabi/12.3.1/../../../../arm-none-eabi/lib/thumb/v7e-m+fp/hard\libc_nano.a(libc_a-atoi.o)
 .ARM.attributes
                0x00000487       0x34 C:/ST/STM32CubeIDE_1.16.0/STM32CubeIDE/plugins/com.st.stm32cube.ide.mcu.externaltools.gnu-tools-for-stm32.12.3.rel1.win32_1.0.200.202406191623/tools/bin/../lib/gcc/arm-none-eabi/12.3.1/../../../../arm-none-eabi/lib/thumb/v7e-m+fp/hard\libc_nano.a(libc_a-strtol.o)
 .ARM.attributes
                0x000004bb       0x34 C:/ST/STM32CubeIDE_1.16.0/STM32CubeIDE/plugins/com.st.stm32cube.ide.mcu.externaltools.gnu-tools-for-stm32.12.3.rel1.win32_1.0.200.202406191623/tools/bin/../lib/gcc/arm-none-eabi/12.3.1/../../../../arm-none-eabi/lib/thumb/v7e-m+fp/hard\libc_nano.a(libc_a-ctype_.o)
 .ARM.attributes
                0x000004ef       0x34 C:/ST/STM32CubeIDE_1.16.0/STM32CubeIDE/plugins/com.st.stm32cube.ide.mcu.externaltools.gnu-tools-for-stm32.12.3.rel1.win32_1.0.200.202406191623/tools/bin/../lib/gcc/arm-none-eabi/12.3.1/../../../../arm-none-eabi/lib/thumb/v7e-m+fp/hard\libc_nano.a(libc_a-findfp.o)
 .ARM.attributes
                0x00000523       0x34 C:/ST/STM32CubeIDE_1.16.0/STM32CubeIDE/plugins/com.st.stm32cube.ide.mcu.externaltools.gnu-tools-for-stm32.12.3.rel1.win32_1.0.200.202406191623/tools/bin/../lib/gcc/arm-none-eabi/12.3.1/../../../../arm-none-eabi/lib/thumb/v7e-m+fp/hard\libc_nano.a(libc_a-sprintf.o)
 .ARM.attributes
                0x00000557       0x34 C:/ST/STM32CubeIDE_1.16.0/STM32CubeIDE/plugins/com.st.stm32cube.ide.mcu.externaltools.gnu-tools-for-stm32.12.3.rel1.win32_1.0.200.202406191623/tools/bin/../lib/gcc/arm-none-eabi/12.3.1/../../../../arm-none-eabi/lib/thumb/v7e-m+fp/hard\libc_nano.a(libc_a-memset.o)
 .ARM.attributes
                0x0000058b       0x34 C:/ST/STM32CubeIDE_1.16.0/STM32CubeIDE/plugins/com.st.stm32cube.ide.mcu.externaltools.gnu-tools-for-stm32.12.3.rel1.win32_1.0.200.202406191623/tools/bin/../lib/gcc/arm-none-eabi/12.3.1/../../../../arm-none-eabi/lib/thumb/v7e-m+fp/hard\libc_nano.a(libc_a-reent.o)
 .ARM.attributes
                0x000005bf       0x34 C:/ST/STM32CubeIDE_1.16.0/STM32CubeIDE/plugins/com.st.stm32cube.ide.mcu.externaltools.gnu-tools-for-stm32.12.3.rel1.win32_1.0.200.202406191623/tools/bin/../lib/gcc/arm-none-eabi/12.3.1/../../../../arm-none-eabi/lib/thumb/v7e-m+fp/hard\libc_nano.a(libc_a-impure.o)
 .ARM.attributes
                0x000005f3       0x34 C:/ST/STM32CubeIDE_1.16.0/STM32CubeIDE/plugins/com.st.stm32cube.ide.mcu.externaltools.gnu-tools-for-stm32.12.3.rel1.win32_1.0.200.202406191623/tools/bin/../lib/gcc/arm-none-eabi/12.3.1/../../../../arm-none-eabi/lib/thumb/v7e-m+fp/hard\libc_nano.a(libc_a-errno.o)
 .ARM.attributes
                0x00000627       0x34 C:/ST/STM32CubeIDE_1.16.0/STM32CubeIDE/plugins/com.st.stm32cube.ide.mcu.externaltools.gnu-tools-for-stm32.12.3.rel1.win32_1.0.200.202406191623/tools/bin/../lib/gcc/arm-none-eabi/12.3.1/../../../../arm-none-eabi/lib/thumb/v7e-m+fp/hard\libc_nano.a(libc_a-init.o)
 .ARM.attributes
                0x0000065b       0x34 C:/ST/STM32CubeIDE_1.16.0/STM32CubeIDE/plugins/com.st.stm32cube.ide.mcu.externaltools.gnu-tools-for-stm32.12.3.rel1.win32_1.0.200.202406191623/tools/bin/../lib/gcc/arm-none-eabi/12.3.1/../../../../arm-none-eabi/lib/thumb/v7e-m+fp/hard\libc_nano.a(libc_a-lock.o)
 .ARM.attributes
                0x0000068f       0x34 C:/ST/STM32CubeIDE_1.16.0/STM32CubeIDE/plugins/com.st.stm32cube.ide.mcu.externaltools.gnu-tools-for-stm32.12.3.rel1.win32_1.0.200.202406191623/tools/bin/../lib/gcc/arm-none-eabi/12.3.1/../../../../arm-none-eabi/lib/thumb/v7e-m+fp/hard\libc_nano.a(libc_a-memcpy-stub.o)
 .ARM.attributes
                0x000006c3       0x17 C:/ST/STM32CubeIDE_1.16.0/STM32CubeIDE/plugins/com.st.stm32cube.ide.mcu.externaltools.gnu-tools-for-stm32.12.3.rel1.win32_1.0.200.202406191623/tools/bin/../lib/gcc/arm-none-eabi/12.3.1/../../../../arm-none-eabi/lib/thumb/v7e-m+fp/hard\libc_nano.a(libc_a-strlen.o)
 .ARM.attributes
                0x000006da       0x34 C:/ST/STM32CubeIDE_1.16.0/STM32CubeIDE/plugins/com.st.stm32cube.ide.mcu.externaltools.gnu-tools-for-stm32.12.3.rel1.win32_1.0.200.202406191623/tools/bin/../lib/gcc/arm-none-eabi/12.3.1/../../../../arm-none-eabi/lib/thumb/v7e-m+fp/hard\libc_nano.a(libc_a-freer.o)
 .ARM.attributes
                0x0000070e       0x34 C:/ST/STM32CubeIDE_1.16.0/STM32CubeIDE/plugins/com.st.stm32cube.ide.mcu.externaltools.gnu-tools-for-stm32.12.3.rel1.win32_1.0.200.202406191623/tools/bin/../lib/gcc/arm-none-eabi/12.3.1/../../../../arm-none-eabi/lib/thumb/v7e-m+fp/hard\libc_nano.a(libc_a-mallocr.o)
 .ARM.attributes
                0x00000742       0x34 C:/ST/STM32CubeIDE_1.16.0/STM32CubeIDE/plugins/com.st.stm32cube.ide.mcu.externaltools.gnu-tools-for-stm32.12.3.rel1.win32_1.0.200.202406191623/tools/bin/../lib/gcc/arm-none-eabi/12.3.1/../../../../arm-none-eabi/lib/thumb/v7e-m+fp/hard\libc_nano.a(libc_a-mlock.o)
 .ARM.attributes
                0x00000776       0x34 C:/ST/STM32CubeIDE_1.16.0/STM32CubeIDE/plugins/com.st.stm32cube.ide.mcu.externaltools.gnu-tools-for-stm32.12.3.rel1.win32_1.0.200.202406191623/tools/bin/../lib/gcc/arm-none-eabi/12.3.1/../../../../arm-none-eabi/lib/thumb/v7e-m+fp/hard\libc_nano.a(libc_a-nano-svfprintf.o)
 .ARM.attributes
                0x000007aa       0x34 C:/ST/STM32CubeIDE_1.16.0/STM32CubeIDE/plugins/com.st.stm32cube.ide.mcu.externaltools.gnu-tools-for-stm32.12.3.rel1.win32_1.0.200.202406191623/tools/bin/../lib/gcc/arm-none-eabi/12.3.1/../../../../arm-none-eabi/lib/thumb/v7e-m+fp/hard\libc_nano.a(libc_a-nano-vfprintf_i.o)
 .ARM.attributes
                0x000007de       0x34 C:/ST/STM32CubeIDE_1.16.0/STM32CubeIDE/plugins/com.st.stm32cube.ide.mcu.externaltools.gnu-tools-for-stm32.12.3.rel1.win32_1.0.200.202406191623/tools/bin/../lib/gcc/arm-none-eabi/12.3.1/../../../../arm-none-eabi/lib/thumb/v7e-m+fp/hard\libc_nano.a(libc_a-memmove.o)
 .ARM.attributes
                0x00000812       0x34 C:/ST/STM32CubeIDE_1.16.0/STM32CubeIDE/plugins/com.st.stm32cube.ide.mcu.externaltools.gnu-tools-for-stm32.12.3.rel1.win32_1.0.200.202406191623/tools/bin/../lib/gcc/arm-none-eabi/12.3.1/../../../../arm-none-eabi/lib/thumb/v7e-m+fp/hard\libc_nano.a(libc_a-sbrkr.o)
 .ARM.attributes
                0x00000846       0x1c C:/ST/STM32CubeIDE_1.16.0/STM32CubeIDE/plugins/com.st.stm32cube.ide.mcu.externaltools.gnu-tools-for-stm32.12.3.rel1.win32_1.0.200.202406191623/tools/bin/../lib/gcc/arm-none-eabi/12.3.1/../../../../arm-none-eabi/lib/thumb/v7e-m+fp/hard\libc_nano.a(libc_a-memchr.o)
 .ARM.attributes
                0x00000862       0x34 C:/ST/STM32CubeIDE_1.16.0/STM32CubeIDE/plugins/com.st.stm32cube.ide.mcu.externaltools.gnu-tools-for-stm32.12.3.rel1.win32_1.0.200.202406191623/tools/bin/../lib/gcc/arm-none-eabi/12.3.1/../../../../arm-none-eabi/lib/thumb/v7e-m+fp/hard\libc_nano.a(libc_a-reallocr.o)
 .ARM.attributes
                0x00000896       0x34 C:/ST/STM32CubeIDE_1.16.0/STM32CubeIDE/plugins/com.st.stm32cube.ide.mcu.externaltools.gnu-tools-for-stm32.12.3.rel1.win32_1.0.200.202406191623/tools/bin/../lib/gcc/arm-none-eabi/12.3.1/../../../../arm-none-eabi/lib/thumb/v7e-m+fp/hard\libc_nano.a(libc_a-msizer.o)
 .ARM.attributes
                0x000008ca       0x22 C:/ST/STM32CubeIDE_1.16.0/STM32CubeIDE/plugins/com.st.stm32cube.ide.mcu.externaltools.gnu-tools-for-stm32.12.3.rel1.win32_1.0.200.202406191623/tools/bin/../lib/gcc/arm-none-eabi/12.3.1/thumb/v7e-m+fp/hard\libgcc.a(_aeabi_uldivmod.o)
 .ARM.attributes
                0x000008ec       0x34 C:/ST/STM32CubeIDE_1.16.0/STM32CubeIDE/plugins/com.st.stm32cube.ide.mcu.externaltools.gnu-tools-for-stm32.12.3.rel1.win32_1.0.200.202406191623/tools/bin/../lib/gcc/arm-none-eabi/12.3.1/thumb/v7e-m+fp/hard\libgcc.a(_udivmoddi4.o)
 .ARM.attributes
                0x00000920       0x22 C:/ST/STM32CubeIDE_1.16.0/STM32CubeIDE/plugins/com.st.stm32cube.ide.mcu.externaltools.gnu-tools-for-stm32.12.3.rel1.win32_1.0.200.202406191623/tools/bin/../lib/gcc/arm-none-eabi/12.3.1/thumb/v7e-m+fp/hard\libgcc.a(_dvmd_tls.o)
 .ARM.attributes
                0x00000942       0x22 C:/ST/STM32CubeIDE_1.16.0/STM32CubeIDE/plugins/com.st.stm32cube.ide.mcu.externaltools.gnu-tools-for-stm32.12.3.rel1.win32_1.0.200.202406191623/tools/bin/../lib/gcc/arm-none-eabi/12.3.1/thumb/v7e-m+fp/hard/crtn.o
OUTPUT(IHM_Slave_Master_V1.elf elf32-littlearm)
LOAD linker stubs
LOAD C:/ST/STM32CubeIDE_1.16.0/STM32CubeIDE/plugins/com.st.stm32cube.ide.mcu.externaltools.gnu-tools-for-stm32.12.3.rel1.win32_1.0.200.202406191623/tools/bin/../lib/gcc/arm-none-eabi/12.3.1/../../../../arm-none-eabi/lib/thumb/v7e-m+fp/hard\libc.a
LOAD C:/ST/STM32CubeIDE_1.16.0/STM32CubeIDE/plugins/com.st.stm32cube.ide.mcu.externaltools.gnu-tools-for-stm32.12.3.rel1.win32_1.0.200.202406191623/tools/bin/../lib/gcc/arm-none-eabi/12.3.1/../../../../arm-none-eabi/lib/thumb/v7e-m+fp/hard\libm.a
LOAD C:/ST/STM32CubeIDE_1.16.0/STM32CubeIDE/plugins/com.st.stm32cube.ide.mcu.externaltools.gnu-tools-for-stm32.12.3.rel1.win32_1.0.200.202406191623/tools/bin/../lib/gcc/arm-none-eabi/12.3.1/thumb/v7e-m+fp/hard\libgcc.a

.debug_info     0x00000000    0x13650
 .debug_info    0x00000000      0xb54 ./Core/Src/EEPROM.o
 .debug_info    0x00000b54     0x1e68 ./Core/Src/main.o
 .debug_info    0x000029bc      0xdbb ./Core/Src/modbusSlave.o
 .debug_info    0x00003777      0x143 ./Core/Src/modbus_crc.o
 .debug_info    0x000038ba      0x90d ./Core/Src/modbusmaster.o
 .debug_info    0x000041c7     0x1660 ./Core/Src/stm32f4xx_hal_msp.o
 .debug_info    0x00005827      0x9a6 ./Core/Src/stm32f4xx_it.o
 .debug_info    0x000061cd      0x168 ./Core/Src/sysmem.o
 .debug_info    0x00006335      0x512 ./Core/Src/system_stm32f4xx.o
 .debug_info    0x00006847       0x30 ./Core/Startup/startup_stm32f407vgtx.o
 .debug_info    0x00006877      0x944 ./Drivers/STM32F4xx_HAL_Driver/Src/stm32f4xx_hal.o
 .debug_info    0x000071bb      0xcd4 ./Drivers/STM32F4xx_HAL_Driver/Src/stm32f4xx_hal_adc.o
 .debug_info    0x00007e8f      0xd8c ./Drivers/STM32F4xx_HAL_Driver/Src/stm32f4xx_hal_cortex.o
 .debug_info    0x00008c1b      0x8e7 ./Drivers/STM32F4xx_HAL_Driver/Src/stm32f4xx_hal_dma.o
 .debug_info    0x00009502      0x6c3 ./Drivers/STM32F4xx_HAL_Driver/Src/stm32f4xx_hal_gpio.o
 .debug_info    0x00009bc5     0x2415 ./Drivers/STM32F4xx_HAL_Driver/Src/stm32f4xx_hal_i2c.o
 .debug_info    0x0000bfda      0x8af ./Drivers/STM32F4xx_HAL_Driver/Src/stm32f4xx_hal_rcc.o
 .debug_info    0x0000c889     0x299d ./Drivers/STM32F4xx_HAL_Driver/Src/stm32f4xx_hal_tim.o
 .debug_info    0x0000f226     0x14db ./Drivers/STM32F4xx_HAL_Driver/Src/stm32f4xx_hal_tim_ex.o
 .debug_info    0x00010701     0x2f4f ./Drivers/STM32F4xx_HAL_Driver/Src/stm32f4xx_hal_uart.o

.debug_abbrev   0x00000000     0x29d4
 .debug_abbrev  0x00000000      0x279 ./Core/Src/EEPROM.o
 .debug_abbrev  0x00000279      0x367 ./Core/Src/main.o
 .debug_abbrev  0x000005e0      0x25a ./Core/Src/modbusSlave.o
 .debug_abbrev  0x0000083a       0xaf ./Core/Src/modbus_crc.o
 .debug_abbrev  0x000008e9      0x1d8 ./Core/Src/modbusmaster.o
 .debug_abbrev  0x00000ac1      0x255 ./Core/Src/stm32f4xx_hal_msp.o
 .debug_abbrev  0x00000d16      0x19c ./Core/Src/stm32f4xx_it.o
 .debug_abbrev  0x00000eb2       0xbc ./Core/Src/sysmem.o
 .debug_abbrev  0x00000f6e      0x11a ./Core/Src/system_stm32f4xx.o
 .debug_abbrev  0x00001088       0x24 ./Core/Startup/startup_stm32f407vgtx.o
 .debug_abbrev  0x000010ac      0x214 ./Drivers/STM32F4xx_HAL_Driver/Src/stm32f4xx_hal.o
 .debug_abbrev  0x000012c0      0x252 ./Drivers/STM32F4xx_HAL_Driver/Src/stm32f4xx_hal_adc.o
 .debug_abbrev  0x00001512      0x31d ./Drivers/STM32F4xx_HAL_Driver/Src/stm32f4xx_hal_cortex.o
 .debug_abbrev  0x0000182f      0x264 ./Drivers/STM32F4xx_HAL_Driver/Src/stm32f4xx_hal_dma.o
 .debug_abbrev  0x00001a93      0x1d4 ./Drivers/STM32F4xx_HAL_Driver/Src/stm32f4xx_hal_gpio.o
 .debug_abbrev  0x00001c67      0x2ad ./Drivers/STM32F4xx_HAL_Driver/Src/stm32f4xx_hal_i2c.o
 .debug_abbrev  0x00001f14      0x2b7 ./Drivers/STM32F4xx_HAL_Driver/Src/stm32f4xx_hal_rcc.o
 .debug_abbrev  0x000021cb      0x278 ./Drivers/STM32F4xx_HAL_Driver/Src/stm32f4xx_hal_tim.o
 .debug_abbrev  0x00002443      0x283 ./Drivers/STM32F4xx_HAL_Driver/Src/stm32f4xx_hal_tim_ex.o
 .debug_abbrev  0x000026c6      0x30e ./Drivers/STM32F4xx_HAL_Driver/Src/stm32f4xx_hal_uart.o

.debug_aranges  0x00000000     0x11b8
 .debug_aranges
                0x00000000       0x68 ./Core/Src/EEPROM.o
 .debug_aranges
                0x00000068       0xa0 ./Core/Src/main.o
 .debug_aranges
                0x00000108       0x78 ./Core/Src/modbusSlave.o
 .debug_aranges
                0x00000180       0x20 ./Core/Src/modbus_crc.o
 .debug_aranges
                0x000001a0       0x58 ./Core/Src/modbusmaster.o
 .debug_aranges
                0x000001f8       0x78 ./Core/Src/stm32f4xx_hal_msp.o
 .debug_aranges
                0x00000270       0x78 ./Core/Src/stm32f4xx_it.o
 .debug_aranges
                0x000002e8       0x20 ./Core/Src/sysmem.o
 .debug_aranges
                0x00000308       0x28 ./Core/Src/system_stm32f4xx.o
 .debug_aranges
                0x00000330       0x28 ./Core/Startup/startup_stm32f407vgtx.o
 .debug_aranges
                0x00000358       0xf0 ./Drivers/STM32F4xx_HAL_Driver/Src/stm32f4xx_hal.o
 .debug_aranges
                0x00000448       0xe8 ./Drivers/STM32F4xx_HAL_Driver/Src/stm32f4xx_hal_adc.o
 .debug_aranges
                0x00000530      0x130 ./Drivers/STM32F4xx_HAL_Driver/Src/stm32f4xx_hal_cortex.o
 .debug_aranges
                0x00000660       0x90 ./Drivers/STM32F4xx_HAL_Driver/Src/stm32f4xx_hal_dma.o
 .debug_aranges
                0x000006f0       0x58 ./Drivers/STM32F4xx_HAL_Driver/Src/stm32f4xx_hal_gpio.o
 .debug_aranges
                0x00000748      0x2a8 ./Drivers/STM32F4xx_HAL_Driver/Src/stm32f4xx_hal_i2c.o
 .debug_aranges
                0x000009f0       0x88 ./Drivers/STM32F4xx_HAL_Driver/Src/stm32f4xx_hal_rcc.o
 .debug_aranges
                0x00000a78      0x3d0 ./Drivers/STM32F4xx_HAL_Driver/Src/stm32f4xx_hal_tim.o
 .debug_aranges
                0x00000e48      0x168 ./Drivers/STM32F4xx_HAL_Driver/Src/stm32f4xx_hal_tim_ex.o
 .debug_aranges
                0x00000fb0      0x208 ./Drivers/STM32F4xx_HAL_Driver/Src/stm32f4xx_hal_uart.o

.debug_rnglists
                0x00000000      0xe01
 .debug_rnglists
                0x00000000       0x4b ./Core/Src/EEPROM.o
 .debug_rnglists
                0x0000004b       0x7d ./Core/Src/main.o
 .debug_rnglists
                0x000000c8       0x5d ./Core/Src/modbusSlave.o
 .debug_rnglists
                0x00000125       0x13 ./Core/Src/modbus_crc.o
 .debug_rnglists
                0x00000138       0x45 ./Core/Src/modbusmaster.o
 .debug_rnglists
                0x0000017d       0x59 ./Core/Src/stm32f4xx_hal_msp.o
 .debug_rnglists
                0x000001d6       0x55 ./Core/Src/stm32f4xx_it.o
 .debug_rnglists
                0x0000022b       0x13 ./Core/Src/sysmem.o
 .debug_rnglists
                0x0000023e       0x1a ./Core/Src/system_stm32f4xx.o
 .debug_rnglists
                0x00000258       0x19 ./Core/Startup/startup_stm32f407vgtx.o
 .debug_rnglists
                0x00000271       0xaf ./Drivers/STM32F4xx_HAL_Driver/Src/stm32f4xx_hal.o
 .debug_rnglists
                0x00000320       0xb5 ./Drivers/STM32F4xx_HAL_Driver/Src/stm32f4xx_hal_adc.o
 .debug_rnglists
                0x000003d5       0xe0 ./Drivers/STM32F4xx_HAL_Driver/Src/stm32f4xx_hal_cortex.o
 .debug_rnglists
                0x000004b5       0x70 ./Drivers/STM32F4xx_HAL_Driver/Src/stm32f4xx_hal_dma.o
 .debug_rnglists
                0x00000525       0x3f ./Drivers/STM32F4xx_HAL_Driver/Src/stm32f4xx_hal_gpio.o
 .debug_rnglists
                0x00000564      0x23c ./Drivers/STM32F4xx_HAL_Driver/Src/stm32f4xx_hal_i2c.o
 .debug_rnglists
                0x000007a0       0x66 ./Drivers/STM32F4xx_HAL_Driver/Src/stm32f4xx_hal_rcc.o
 .debug_rnglists
                0x00000806      0x31a ./Drivers/STM32F4xx_HAL_Driver/Src/stm32f4xx_hal_tim.o
 .debug_rnglists
                0x00000b20      0x125 ./Drivers/STM32F4xx_HAL_Driver/Src/stm32f4xx_hal_tim_ex.o
 .debug_rnglists
                0x00000c45      0x1bc ./Drivers/STM32F4xx_HAL_Driver/Src/stm32f4xx_hal_uart.o

.debug_macro    0x00000000    0x23637
 .debug_macro   0x00000000      0x30d ./Core/Src/EEPROM.o
 .debug_macro   0x0000030d      0xab4 ./Core/Src/EEPROM.o
 .debug_macro   0x00000dc1       0x22 ./Core/Src/EEPROM.o
 .debug_macro   0x00000de3       0x8e ./Core/Src/EEPROM.o
 .debug_macro   0x00000e71       0x51 ./Core/Src/EEPROM.o
 .debug_macro   0x00000ec2      0x103 ./Core/Src/EEPROM.o
 .debug_macro   0x00000fc5       0x6a ./Core/Src/EEPROM.o
 .debug_macro   0x0000102f      0x1df ./Core/Src/EEPROM.o
 .debug_macro   0x0000120e      0x2a7 ./Core/Src/EEPROM.o
 .debug_macro   0x000014b5       0x2e ./Core/Src/EEPROM.o
 .debug_macro   0x000014e3       0x2f ./Core/Src/EEPROM.o
 .debug_macro   0x00001512       0x1c ./Core/Src/EEPROM.o
 .debug_macro   0x0000152e       0x22 ./Core/Src/EEPROM.o
 .debug_macro   0x00001550       0xfb ./Core/Src/EEPROM.o
 .debug_macro   0x0000164b     0x1011 ./Core/Src/EEPROM.o
 .debug_macro   0x0000265c      0x11f ./Core/Src/EEPROM.o
 .debug_macro   0x0000277b    0x15e97 ./Core/Src/EEPROM.o
 .debug_macro   0x00018612       0x6d ./Core/Src/EEPROM.o
 .debug_macro   0x0001867f     0x369a ./Core/Src/EEPROM.o
 .debug_macro   0x0001bd19      0x189 ./Core/Src/EEPROM.o
 .debug_macro   0x0001bea2       0x5c ./Core/Src/EEPROM.o
 .debug_macro   0x0001befe      0x980 ./Core/Src/EEPROM.o
 .debug_macro   0x0001c87e      0x9e9 ./Core/Src/EEPROM.o
 .debug_macro   0x0001d267      0x115 ./Core/Src/EEPROM.o
 .debug_macro   0x0001d37c      0x13e ./Core/Src/EEPROM.o
 .debug_macro   0x0001d4ba       0xa5 ./Core/Src/EEPROM.o
 .debug_macro   0x0001d55f      0x174 ./Core/Src/EEPROM.o
 .debug_macro   0x0001d6d3      0x287 ./Core/Src/EEPROM.o
 .debug_macro   0x0001d95a       0x5f ./Core/Src/EEPROM.o
 .debug_macro   0x0001d9b9      0x236 ./Core/Src/EEPROM.o
 .debug_macro   0x0001dbef      0xb5b ./Core/Src/EEPROM.o
 .debug_macro   0x0001e74a      0x38b ./Core/Src/EEPROM.o
 .debug_macro   0x0001ead5      0x176 ./Core/Src/EEPROM.o
 .debug_macro   0x0001ec4b       0xf9 ./Core/Src/EEPROM.o
 .debug_macro   0x0001ed44      0x12c ./Core/Src/EEPROM.o
 .debug_macro   0x0001ee70      0x21e ./Core/Src/EEPROM.o
 .debug_macro   0x0001f08e       0x2e ./Core/Src/EEPROM.o
 .debug_macro   0x0001f0bc      0x1b5 ./Core/Src/EEPROM.o
 .debug_macro   0x0001f271       0xd6 ./Core/Src/EEPROM.o
 .debug_macro   0x0001f347      0x127 ./Core/Src/EEPROM.o
 .debug_macro   0x0001f46e       0x7e ./Core/Src/EEPROM.o
 .debug_macro   0x0001f4ec       0x89 ./Core/Src/EEPROM.o
 .debug_macro   0x0001f575      0x8ed ./Core/Src/EEPROM.o
 .debug_macro   0x0001fe62       0x4d ./Core/Src/EEPROM.o
 .debug_macro   0x0001feaf      0x2aa ./Core/Src/EEPROM.o
 .debug_macro   0x00020159      0x12d ./Core/Src/EEPROM.o
 .debug_macro   0x00020286       0x61 ./Core/Src/EEPROM.o
 .debug_macro   0x000202e7       0x2a ./Core/Src/EEPROM.o
 .debug_macro   0x00020311       0x43 ./Core/Src/EEPROM.o
 .debug_macro   0x00020354       0x34 ./Core/Src/EEPROM.o
 .debug_macro   0x00020388       0x16 ./Core/Src/EEPROM.o
 .debug_macro   0x0002039e       0x43 ./Core/Src/EEPROM.o
 .debug_macro   0x000203e1       0x34 ./Core/Src/EEPROM.o
 .debug_macro   0x00020415       0x10 ./Core/Src/EEPROM.o
 .debug_macro   0x00020425       0x58 ./Core/Src/EEPROM.o
 .debug_macro   0x0002047d       0x8e ./Core/Src/EEPROM.o
 .debug_macro   0x0002050b       0x1c ./Core/Src/EEPROM.o
 .debug_macro   0x00020527      0x177 ./Core/Src/EEPROM.o
 .debug_macro   0x0002069e      0x369 ./Core/Src/EEPROM.o
 .debug_macro   0x00020a07      0x19b ./Core/Src/EEPROM.o
 .debug_macro   0x00020ba2       0x16 ./Core/Src/EEPROM.o
 .debug_macro   0x00020bb8       0x35 ./Core/Src/EEPROM.o
 .debug_macro   0x00020bed       0x20 ./Core/Src/EEPROM.o
 .debug_macro   0x00020c0d      0x387 ./Core/Src/main.o
 .debug_macro   0x00020f94       0x10 ./Core/Src/main.o
 .debug_macro   0x00020fa4       0x1c ./Core/Src/main.o
 .debug_macro   0x00020fc0       0x10 ./Core/Src/main.o
 .debug_macro   0x00020fd0       0x1c ./Core/Src/main.o
 .debug_macro   0x00020fec       0x16 ./Core/Src/main.o
 .debug_macro   0x00021002      0x146 ./Core/Src/main.o
 .debug_macro   0x00021148       0x16 ./Core/Src/main.o
 .debug_macro   0x0002115e       0x16 ./Core/Src/main.o
 .debug_macro   0x00021174       0x29 ./Core/Src/main.o
 .debug_macro   0x0002119d       0x1c ./Core/Src/main.o
 .debug_macro   0x000211b9      0x2f7 ./Core/Src/modbusSlave.o
 .debug_macro   0x000214b0       0x63 ./Core/Src/modbus_crc.o
 .debug_macro   0x00021513      0x21a ./Core/Src/modbusmaster.o
 .debug_macro   0x0002172d      0x21a ./Core/Src/stm32f4xx_hal_msp.o
 .debug_macro   0x00021947      0x224 ./Core/Src/stm32f4xx_it.o
 .debug_macro   0x00021b6b       0xff ./Core/Src/sysmem.o
 .debug_macro   0x00021c6a      0x23c ./Core/Src/sysmem.o
 .debug_macro   0x00021ea6      0x210 ./Core/Src/system_stm32f4xx.o
 .debug_macro   0x000220b6      0x270 ./Drivers/STM32F4xx_HAL_Driver/Src/stm32f4xx_hal.o
 .debug_macro   0x00022326      0x211 ./Drivers/STM32F4xx_HAL_Driver/Src/stm32f4xx_hal_adc.o
 .debug_macro   0x00022537      0x210 ./Drivers/STM32F4xx_HAL_Driver/Src/stm32f4xx_hal_cortex.o
 .debug_macro   0x00022747      0x216 ./Drivers/STM32F4xx_HAL_Driver/Src/stm32f4xx_hal_dma.o
 .debug_macro   0x0002295d      0x216 ./Drivers/STM32F4xx_HAL_Driver/Src/stm32f4xx_hal_gpio.o
 .debug_macro   0x00022b73      0x25e ./Drivers/STM32F4xx_HAL_Driver/Src/stm32f4xx_hal_i2c.o
 .debug_macro   0x00022dd1      0x234 ./Drivers/STM32F4xx_HAL_Driver/Src/stm32f4xx_hal_rcc.o
 .debug_macro   0x00023005      0x211 ./Drivers/STM32F4xx_HAL_Driver/Src/stm32f4xx_hal_tim.o
 .debug_macro   0x00023216      0x210 ./Drivers/STM32F4xx_HAL_Driver/Src/stm32f4xx_hal_tim_ex.o
 .debug_macro   0x00023426      0x211 ./Drivers/STM32F4xx_HAL_Driver/Src/stm32f4xx_hal_uart.o

.debug_line     0x00000000    0x16a54
 .debug_line    0x00000000      0xb5e ./Core/Src/EEPROM.o
 .debug_line    0x00000b5e     0x1191 ./Core/Src/main.o
 .debug_line    0x00001cef      0xfa6 ./Core/Src/modbusSlave.o
 .debug_line    0x00002c95      0x43b ./Core/Src/modbus_crc.o
 .debug_line    0x000030d0      0x9ef ./Core/Src/modbusmaster.o
 .debug_line    0x00003abf      0x9c3 ./Core/Src/stm32f4xx_hal_msp.o
 .debug_line    0x00004482      0x8d1 ./Core/Src/stm32f4xx_it.o
 .debug_line    0x00004d53      0x583 ./Core/Src/sysmem.o
 .debug_line    0x000052d6      0x84b ./Core/Src/system_stm32f4xx.o
 .debug_line    0x00005b21       0x7a ./Core/Startup/startup_stm32f407vgtx.o
 .debug_line    0x00005b9b      0xab4 ./Drivers/STM32F4xx_HAL_Driver/Src/stm32f4xx_hal.o
 .debug_line    0x0000664f     0x133c ./Drivers/STM32F4xx_HAL_Driver/Src/stm32f4xx_hal_adc.o
 .debug_line    0x0000798b      0xda6 ./Drivers/STM32F4xx_HAL_Driver/Src/stm32f4xx_hal_cortex.o
 .debug_line    0x00008731     0x1024 ./Drivers/STM32F4xx_HAL_Driver/Src/stm32f4xx_hal_dma.o
 .debug_line    0x00009755      0xc40 ./Drivers/STM32F4xx_HAL_Driver/Src/stm32f4xx_hal_gpio.o
 .debug_line    0x0000a395     0x3bfa ./Drivers/STM32F4xx_HAL_Driver/Src/stm32f4xx_hal_i2c.o
 .debug_line    0x0000df8f      0xe3d ./Drivers/STM32F4xx_HAL_Driver/Src/stm32f4xx_hal_rcc.o
 .debug_line    0x0000edcc     0x3858 ./Drivers/STM32F4xx_HAL_Driver/Src/stm32f4xx_hal_tim.o
 .debug_line    0x00012624     0x1aaa ./Drivers/STM32F4xx_HAL_Driver/Src/stm32f4xx_hal_tim_ex.o
 .debug_line    0x000140ce     0x2986 ./Drivers/STM32F4xx_HAL_Driver/Src/stm32f4xx_hal_uart.o

.debug_str      0x00000000    0xdb24f
 .debug_str     0x00000000    0xd5912 ./Core/Src/EEPROM.o
                              0xd5c4c (size before relaxing)
 .debug_str     0x000d5912     0x15fe ./Core/Src/main.o
                              0xd6971 (size before relaxing)
 .debug_str     0x000d6f10      0x102 ./Core/Src/modbusSlave.o
                              0xd55c2 (size before relaxing)
 .debug_str     0x000d7012       0x41 ./Core/Src/modbus_crc.o
                               0x3dc2 (size before relaxing)
 .debug_str     0x000d7053       0x79 ./Core/Src/modbusmaster.o
                              0xd216c (size before relaxing)
 .debug_str     0x000d70cc      0x629 ./Core/Src/stm32f4xx_hal_msp.o
                              0xd2eb1 (size before relaxing)
 .debug_str     0x000d76f5      0x128 ./Core/Src/stm32f4xx_it.o
                              0xd2413 (size before relaxing)
 .debug_str     0x000d781d      0x4dc ./Core/Src/sysmem.o
                               0x6112 (size before relaxing)
 .debug_str     0x000d7cf9       0xdb ./Core/Src/system_stm32f4xx.o
                              0xd1d72 (size before relaxing)
 .debug_str     0x000d7dd4       0x44 ./Core/Startup/startup_stm32f407vgtx.o
                                 0xc5 (size before relaxing)
 .debug_str     0x000d7e18      0x60d ./Drivers/STM32F4xx_HAL_Driver/Src/stm32f4xx_hal.o
                              0xd28f6 (size before relaxing)
 .debug_str     0x000d8425      0x27b ./Drivers/STM32F4xx_HAL_Driver/Src/stm32f4xx_hal_adc.o
                              0xd235f (size before relaxing)
 .debug_str     0x000d86a0      0x36b ./Drivers/STM32F4xx_HAL_Driver/Src/stm32f4xx_hal_cortex.o
                              0xd2672 (size before relaxing)
 .debug_str     0x000d8a0b      0x304 ./Drivers/STM32F4xx_HAL_Driver/Src/stm32f4xx_hal_dma.o
                              0xd218c (size before relaxing)
 .debug_str     0x000d8d0f      0x10b ./Drivers/STM32F4xx_HAL_Driver/Src/stm32f4xx_hal_gpio.o
                              0xd1eed (size before relaxing)
 .debug_str     0x000d8e1a      0xadb ./Drivers/STM32F4xx_HAL_Driver/Src/stm32f4xx_hal_i2c.o
                              0xd2d90 (size before relaxing)
 .debug_str     0x000d98f5      0x213 ./Drivers/STM32F4xx_HAL_Driver/Src/stm32f4xx_hal_rcc.o
                              0xd21a6 (size before relaxing)
 .debug_str     0x000d9b08      0xd41 ./Drivers/STM32F4xx_HAL_Driver/Src/stm32f4xx_hal_tim.o
                              0xd30fc (size before relaxing)
 .debug_str     0x000da849      0x493 ./Drivers/STM32F4xx_HAL_Driver/Src/stm32f4xx_hal_tim_ex.o
                              0xd2908 (size before relaxing)
 .debug_str     0x000dacdc      0x573 ./Drivers/STM32F4xx_HAL_Driver/Src/stm32f4xx_hal_uart.o
                              0xd2787 (size before relaxing)

.comment        0x00000000       0x43
 .comment       0x00000000       0x43 ./Core/Src/EEPROM.o
                                 0x44 (size before relaxing)
 .comment       0x00000043       0x44 ./Core/Src/main.o
 .comment       0x00000043       0x44 ./Core/Src/modbusSlave.o
 .comment       0x00000043       0x44 ./Core/Src/modbus_crc.o
 .comment       0x00000043       0x44 ./Core/Src/modbusmaster.o
 .comment       0x00000043       0x44 ./Core/Src/stm32f4xx_hal_msp.o
 .comment       0x00000043       0x44 ./Core/Src/stm32f4xx_it.o
 .comment       0x00000043       0x44 ./Core/Src/sysmem.o
 .comment       0x00000043       0x44 ./Core/Src/system_stm32f4xx.o
 .comment       0x00000043       0x44 ./Drivers/STM32F4xx_HAL_Driver/Src/stm32f4xx_hal.o
 .comment       0x00000043       0x44 ./Drivers/STM32F4xx_HAL_Driver/Src/stm32f4xx_hal_adc.o
 .comment       0x00000043       0x44 ./Drivers/STM32F4xx_HAL_Driver/Src/stm32f4xx_hal_cortex.o
 .comment       0x00000043       0x44 ./Drivers/STM32F4xx_HAL_Driver/Src/stm32f4xx_hal_dma.o
 .comment       0x00000043       0x44 ./Drivers/STM32F4xx_HAL_Driver/Src/stm32f4xx_hal_gpio.o
 .comment       0x00000043       0x44 ./Drivers/STM32F4xx_HAL_Driver/Src/stm32f4xx_hal_i2c.o
 .comment       0x00000043       0x44 ./Drivers/STM32F4xx_HAL_Driver/Src/stm32f4xx_hal_rcc.o
 .comment       0x00000043       0x44 ./Drivers/STM32F4xx_HAL_Driver/Src/stm32f4xx_hal_tim.o
 .comment       0x00000043       0x44 ./Drivers/STM32F4xx_HAL_Driver/Src/stm32f4xx_hal_tim_ex.o
 .comment       0x00000043       0x44 ./Drivers/STM32F4xx_HAL_Driver/Src/stm32f4xx_hal_uart.o

.debug_frame    0x00000000     0x5104
 .debug_frame   0x00000000      0x194 ./Core/Src/EEPROM.o
 .debug_frame   0x00000194      0x248 ./Core/Src/main.o
 .debug_frame   0x000003dc      0x1c0 ./Core/Src/modbusSlave.o
 .debug_frame   0x0000059c       0x38 ./Core/Src/modbus_crc.o
 .debug_frame   0x000005d4      0x130 ./Core/Src/modbusmaster.o
 .debug_frame   0x00000704      0x1cc ./Core/Src/stm32f4xx_hal_msp.o
 .debug_frame   0x000008d0      0x158 ./Core/Src/stm32f4xx_it.o
 .debug_frame   0x00000a28       0x34 ./Core/Src/sysmem.o
 .debug_frame   0x00000a5c       0x58 ./Core/Src/system_stm32f4xx.o
 .debug_frame   0x00000ab4      0x374 ./Drivers/STM32F4xx_HAL_Driver/Src/stm32f4xx_hal.o
 .debug_frame   0x00000e28      0x3fc ./Drivers/STM32F4xx_HAL_Driver/Src/stm32f4xx_hal_adc.o
 .debug_frame   0x00001224      0x508 ./Drivers/STM32F4xx_HAL_Driver/Src/stm32f4xx_hal_cortex.o
 .debug_frame   0x0000172c      0x250 ./Drivers/STM32F4xx_HAL_Driver/Src/stm32f4xx_hal_dma.o
 .debug_frame   0x0000197c      0x14c ./Drivers/STM32F4xx_HAL_Driver/Src/stm32f4xx_hal_gpio.o
 .debug_frame   0x00001ac8      0xc84 ./Drivers/STM32F4xx_HAL_Driver/Src/stm32f4xx_hal_i2c.o
 .debug_frame   0x0000274c      0x1f4 ./Drivers/STM32F4xx_HAL_Driver/Src/stm32f4xx_hal_rcc.o
 .debug_frame   0x00002940     0x11c0 ./Drivers/STM32F4xx_HAL_Driver/Src/stm32f4xx_hal_tim.o
 .debug_frame   0x00003b00      0x638 ./Drivers/STM32F4xx_HAL_Driver/Src/stm32f4xx_hal_tim_ex.o
 .debug_frame   0x00004138      0x954 ./Drivers/STM32F4xx_HAL_Driver/Src/stm32f4xx_hal_uart.o
 .debug_frame   0x00004a8c       0x30 C:/ST/STM32CubeIDE_1.16.0/STM32CubeIDE/plugins/com.st.stm32cube.ide.mcu.externaltools.gnu-tools-for-stm32.12.3.rel1.win32_1.0.200.202406191623/tools/bin/../lib/gcc/arm-none-eabi/12.3.1/../../../../arm-none-eabi/lib/thumb/v7e-m+fp/hard\libc_nano.a(libc_a-atoi.o)
 .debug_frame   0x00004abc       0x64 C:/ST/STM32CubeIDE_1.16.0/STM32CubeIDE/plugins/com.st.stm32cube.ide.mcu.externaltools.gnu-tools-for-stm32.12.3.rel1.win32_1.0.200.202406191623/tools/bin/../lib/gcc/arm-none-eabi/12.3.1/../../../../arm-none-eabi/lib/thumb/v7e-m+fp/hard\libc_nano.a(libc_a-strtol.o)
 .debug_frame   0x00004b20      0x144 C:/ST/STM32CubeIDE_1.16.0/STM32CubeIDE/plugins/com.st.stm32cube.ide.mcu.externaltools.gnu-tools-for-stm32.12.3.rel1.win32_1.0.200.202406191623/tools/bin/../lib/gcc/arm-none-eabi/12.3.1/../../../../arm-none-eabi/lib/thumb/v7e-m+fp/hard\libc_nano.a(libc_a-findfp.o)
 .debug_frame   0x00004c64       0x6c C:/ST/STM32CubeIDE_1.16.0/STM32CubeIDE/plugins/com.st.stm32cube.ide.mcu.externaltools.gnu-tools-for-stm32.12.3.rel1.win32_1.0.200.202406191623/tools/bin/../lib/gcc/arm-none-eabi/12.3.1/../../../../arm-none-eabi/lib/thumb/v7e-m+fp/hard\libc_nano.a(libc_a-sprintf.o)
 .debug_frame   0x00004cd0       0x20 C:/ST/STM32CubeIDE_1.16.0/STM32CubeIDE/plugins/com.st.stm32cube.ide.mcu.externaltools.gnu-tools-for-stm32.12.3.rel1.win32_1.0.200.202406191623/tools/bin/../lib/gcc/arm-none-eabi/12.3.1/../../../../arm-none-eabi/lib/thumb/v7e-m+fp/hard\libc_nano.a(libc_a-memset.o)
 .debug_frame   0x00004cf0       0x38 C:/ST/STM32CubeIDE_1.16.0/STM32CubeIDE/plugins/com.st.stm32cube.ide.mcu.externaltools.gnu-tools-for-stm32.12.3.rel1.win32_1.0.200.202406191623/tools/bin/../lib/gcc/arm-none-eabi/12.3.1/../../../../arm-none-eabi/lib/thumb/v7e-m+fp/hard\libc_nano.a(libc_a-reent.o)
 .debug_frame   0x00004d28       0x20 C:/ST/STM32CubeIDE_1.16.0/STM32CubeIDE/plugins/com.st.stm32cube.ide.mcu.externaltools.gnu-tools-for-stm32.12.3.rel1.win32_1.0.200.202406191623/tools/bin/../lib/gcc/arm-none-eabi/12.3.1/../../../../arm-none-eabi/lib/thumb/v7e-m+fp/hard\libc_nano.a(libc_a-errno.o)